../Core/Src/main.c:395:5:main	32	static
../Core/Src/main.c:583:6:SystemClock_Config	80	static
../Core/Src/main.c:627:13:MX_GPIO_Init	40	static
../Core/Src/main.c:683:6:ssd1306_Line_Buffered	32	static
../Core/Src/main.c:698:6:ssd1306_DrawBitmap_Buffered	40	static
../Core/Src/main.c:722:6:ssd1306_FillRectangle_Buffered	40	static
../Core/Src/main.c:743:6:HAL_GPIO_EXTI_Callback	16	static
../Core/Src/main.c:771:6:Handle_Buzzer_NonBlocking	8	static
../Core/Src/main.c:780:6:handle_jump_press	4	static
../Core/Src/main.c:787:6:handle_reset_press	24	static
../Core/Src/main.c:840:6:update_game_logic	96	static
../Core/Src/main.c:983:6:Render_Menu	80	static
../Core/Src/main.c:1036:6:render_game	56	static
../Core/Src/main.c:1086:6:ssd1306_DrawBitmap_Masked	40	static
../Core/Src/main.c:1124:6:Check_Collision	24	static
../Core/Src/main.c:1129:6:Render_Ground	32	static
../Core/Src/main.c:1139:6:Render_Number	40	static
../Core/Src/main.c:1147:6:Render_Heart	40	static
../Core/Src/main.c:1154:6:Save_Hi_Score	24	static
../Core/Src/main.c:1177:6:Error_Handler	4	static,ignoring_inline_asm
