../Core/Src/main.c:63:6:delay	16	static
../Core/Src/main.c:69:6:Display_Temp	40	static
../Core/Src/main.c:77:6:Display_Rh	40	static
../Core/Src/main.c:93:6:Pin_Input	32	static
../Core/Src/main.c:102:6:Pin_Output	32	static
../Core/Src/main.c:114:6:DHT11_Start	8	static
../Core/Src/main.c:124:9:DHT11_Respone	16	static
../Core/Src/main.c:139:9:DHT11_Read	16	static
../Core/Src/main.c:163:5:main	16	static
../Core/Src/main.c:235:6:SystemClock_Config	72	static
../Core/Src/main.c:275:13:MX_I2C1_Init	8	static
../Core/Src/main.c:309:13:MX_TIM1_Init	32	static
../Core/Src/main.c:355:13:MX_GPIO_Init	40	static
../Core/Src/main.c:388:6:Error_Handler	4	static,ignoring_inline_asm
