../Core/Src/main.c:67:9:decToBcd	16	static
../Core/Src/main.c:72:5:bcdToDec	16	static
../Core/Src/main.c:91:6:Set_Time	48	static
../Core/Src/main.c:105:6:Get_Time	32	static
../Core/Src/main.c:118:7:Get_Temp	40	static
../Core/Src/main.c:126:6:force_temp_conv	32	static
../Core/Src/main.c:147:5:main	24	static
../Core/Src/main.c:207:6:SystemClock_Config	72	static
../Core/Src/main.c:245:13:MX_I2C1_Init	8	static
../Core/Src/main.c:279:13:MX_GPIO_Init	24	static
../Core/Src/main.c:297:6:Error_Handler	4	static
