Archive member included to satisfy reference by file (symbol)

C:/ST/STM32CubeIDE_1.15.0/STM32CubeIDE/plugins/com.st.stm32cube.ide.mcu.externaltools.gnu-tools-for-stm32.12.3.rel1.win32_1.0.100.202403111256/tools/bin/../lib/gcc/arm-none-eabi/12.3.1/../../../../arm-none-eabi/lib/thumb/v7-m/nofp\libc_nano.a(libc_a-exit.o)
                              C:/ST/STM32CubeIDE_1.15.0/STM32CubeIDE/plugins/com.st.stm32cube.ide.mcu.externaltools.gnu-tools-for-stm32.12.3.rel1.win32_1.0.100.202403111256/tools/bin/../lib/gcc/arm-none-eabi/12.3.1/../../../../arm-none-eabi/lib/thumb/v7-m/nofp/crt0.o (exit)
C:/ST/STM32CubeIDE_1.15.0/STM32CubeIDE/plugins/com.st.stm32cube.ide.mcu.externaltools.gnu-tools-for-stm32.12.3.rel1.win32_1.0.100.202403111256/tools/bin/../lib/gcc/arm-none-eabi/12.3.1/../../../../arm-none-eabi/lib/thumb/v7-m/nofp\libc_nano.a(libc_a-rand.o)
                              ./Core/Src/main.o (rand)
C:/ST/STM32CubeIDE_1.15.0/STM32CubeIDE/plugins/com.st.stm32cube.ide.mcu.externaltools.gnu-tools-for-stm32.12.3.rel1.win32_1.0.100.202403111256/tools/bin/../lib/gcc/arm-none-eabi/12.3.1/../../../../arm-none-eabi/lib/thumb/v7-m/nofp\libc_nano.a(libc_a-findfp.o)
                              C:/ST/STM32CubeIDE_1.15.0/STM32CubeIDE/plugins/com.st.stm32cube.ide.mcu.externaltools.gnu-tools-for-stm32.12.3.rel1.win32_1.0.100.202403111256/tools/bin/../lib/gcc/arm-none-eabi/12.3.1/../../../../arm-none-eabi/lib/thumb/v7-m/nofp\libc_nano.a(libc_a-exit.o) (__stdio_exit_handler)
C:/ST/STM32CubeIDE_1.15.0/STM32CubeIDE/plugins/com.st.stm32cube.ide.mcu.externaltools.gnu-tools-for-stm32.12.3.rel1.win32_1.0.100.202403111256/tools/bin/../lib/gcc/arm-none-eabi/12.3.1/../../../../arm-none-eabi/lib/thumb/v7-m/nofp\libc_nano.a(libc_a-fwalk.o)
                              C:/ST/STM32CubeIDE_1.15.0/STM32CubeIDE/plugins/com.st.stm32cube.ide.mcu.externaltools.gnu-tools-for-stm32.12.3.rel1.win32_1.0.100.202403111256/tools/bin/../lib/gcc/arm-none-eabi/12.3.1/../../../../arm-none-eabi/lib/thumb/v7-m/nofp\libc_nano.a(libc_a-findfp.o) (_fwalk_sglue)
C:/ST/STM32CubeIDE_1.15.0/STM32CubeIDE/plugins/com.st.stm32cube.ide.mcu.externaltools.gnu-tools-for-stm32.12.3.rel1.win32_1.0.100.202403111256/tools/bin/../lib/gcc/arm-none-eabi/12.3.1/../../../../arm-none-eabi/lib/thumb/v7-m/nofp\libc_nano.a(libc_a-snprintf.o)
                              ./Core/Src/ssd1306_tests.o (snprintf)
C:/ST/STM32CubeIDE_1.15.0/STM32CubeIDE/plugins/com.st.stm32cube.ide.mcu.externaltools.gnu-tools-for-stm32.12.3.rel1.win32_1.0.100.202403111256/tools/bin/../lib/gcc/arm-none-eabi/12.3.1/../../../../arm-none-eabi/lib/thumb/v7-m/nofp\libc_nano.a(libc_a-sprintf.o)
                              ./Core/Src/main.o (sprintf)
C:/ST/STM32CubeIDE_1.15.0/STM32CubeIDE/plugins/com.st.stm32cube.ide.mcu.externaltools.gnu-tools-for-stm32.12.3.rel1.win32_1.0.100.202403111256/tools/bin/../lib/gcc/arm-none-eabi/12.3.1/../../../../arm-none-eabi/lib/thumb/v7-m/nofp\libc_nano.a(libc_a-stdio.o)
                              C:/ST/STM32CubeIDE_1.15.0/STM32CubeIDE/plugins/com.st.stm32cube.ide.mcu.externaltools.gnu-tools-for-stm32.12.3.rel1.win32_1.0.100.202403111256/tools/bin/../lib/gcc/arm-none-eabi/12.3.1/../../../../arm-none-eabi/lib/thumb/v7-m/nofp\libc_nano.a(libc_a-findfp.o) (__sread)
C:/ST/STM32CubeIDE_1.15.0/STM32CubeIDE/plugins/com.st.stm32cube.ide.mcu.externaltools.gnu-tools-for-stm32.12.3.rel1.win32_1.0.100.202403111256/tools/bin/../lib/gcc/arm-none-eabi/12.3.1/../../../../arm-none-eabi/lib/thumb/v7-m/nofp\libc_nano.a(libc_a-memmove.o)
                              ./Core/Src/ssd1306_tests.o (memmove)
C:/ST/STM32CubeIDE_1.15.0/STM32CubeIDE/plugins/com.st.stm32cube.ide.mcu.externaltools.gnu-tools-for-stm32.12.3.rel1.win32_1.0.100.202403111256/tools/bin/../lib/gcc/arm-none-eabi/12.3.1/../../../../arm-none-eabi/lib/thumb/v7-m/nofp\libc_nano.a(libc_a-memset.o)
                              C:/ST/STM32CubeIDE_1.15.0/STM32CubeIDE/plugins/com.st.stm32cube.ide.mcu.externaltools.gnu-tools-for-stm32.12.3.rel1.win32_1.0.100.202403111256/tools/bin/../lib/gcc/arm-none-eabi/12.3.1/../../../../arm-none-eabi/lib/thumb/v7-m/nofp/crt0.o (memset)
C:/ST/STM32CubeIDE_1.15.0/STM32CubeIDE/plugins/com.st.stm32cube.ide.mcu.externaltools.gnu-tools-for-stm32.12.3.rel1.win32_1.0.100.202403111256/tools/bin/../lib/gcc/arm-none-eabi/12.3.1/../../../../arm-none-eabi/lib/thumb/v7-m/nofp\libc_nano.a(libc_a-closer.o)
                              C:/ST/STM32CubeIDE_1.15.0/STM32CubeIDE/plugins/com.st.stm32cube.ide.mcu.externaltools.gnu-tools-for-stm32.12.3.rel1.win32_1.0.100.202403111256/tools/bin/../lib/gcc/arm-none-eabi/12.3.1/../../../../arm-none-eabi/lib/thumb/v7-m/nofp\libc_nano.a(libc_a-stdio.o) (_close_r)
C:/ST/STM32CubeIDE_1.15.0/STM32CubeIDE/plugins/com.st.stm32cube.ide.mcu.externaltools.gnu-tools-for-stm32.12.3.rel1.win32_1.0.100.202403111256/tools/bin/../lib/gcc/arm-none-eabi/12.3.1/../../../../arm-none-eabi/lib/thumb/v7-m/nofp\libc_nano.a(libc_a-reent.o)
[...]
Memory Configuration

Name             Origin             Length             Attributes
RAM              0x20000000         0x00002800         xrw
FLASH            0x08000000         0x00010000         xr
*default*        0x00000000         0xffffffff

Linker script and memory map

LOAD C:/ST/STM32CubeIDE_1.15.0/STM32CubeIDE/plugins/com.st.stm32cube.ide.mcu.externaltools.gnu-tools-for-stm32.12.3.rel1.win32_1.0.100.202403111256/tools/bin/../lib/gcc/arm-none-eabi/12.3.1/thumb/v7-m/nofp/crti.o
LOAD C:/ST/STM32CubeIDE_1.15.0/STM32CubeIDE/plugins/com.st.stm32cube.ide.mcu.externaltools.gnu-tools-for-stm32.12.3.rel1.win32_1.0.100.202403111256/tools/bin/../lib/gcc/arm-none-eabi/12.3.1/thumb/v7-m/nofp/crtbegin.o
LOAD C:/ST/STM32CubeIDE_1.15.0/STM32CubeIDE/plugins/com.st.stm32cube.ide.mcu.externaltools.gnu-tools-for-stm32.12.3.rel1.win32_1.0.100.202403111256/tools/bin/../lib/gcc/arm-none-eabi/12.3.1/../../../../arm-none-eabi/lib/thumb/v7-m/nofp/crt0.o
LOAD ./Core/Src/main.o
LOAD ./Core/Src/soft_i2c.o
LOAD ./Core/Src/ssd1306.o
LOAD ./Core/Src/ssd1306_fonts.o
LOAD ./Core/Src/ssd1306_tests.o
LOAD ./Core/Src/stm32l1xx_hal_msp.o
LOAD ./Core/Src/stm32l1xx_it.o
LOAD ./Core/Src/syscalls.o
LOAD ./Core/Src/sysmem.o
LOAD ./Core/Src/system_stm32l1xx.o
LOAD ./Core/Startup/startup_stm32l151c8tx.o
LOAD ./Drivers/STM32L1xx_HAL_Driver/Src/stm32l1xx_hal.o
LOAD ./Drivers/STM32L1xx_HAL_Driver/Src/stm32l1xx_hal_cortex.o
LOAD ./Drivers/STM32L1xx_HAL_Driver/Src/stm32l1xx_hal_dma.o
LOAD ./Drivers/STM32L1xx_HAL_Driver/Src/stm32l1xx_hal_exti.o
LOAD ./Drivers/STM32L1xx_HAL_Driver/Src/stm32l1xx_hal_flash.o
LOAD ./Drivers/STM32L1xx_HAL_Driver/Src/stm32l1xx_hal_flash_ex.o
LOAD ./Drivers/STM32L1xx_HAL_Driver/Src/stm32l1xx_hal_flash_ramfunc.o
LOAD ./Drivers/STM32L1xx_HAL_Driver/Src/stm32l1xx_hal_gpio.o
LOAD ./Drivers/STM32L1xx_HAL_Driver/Src/stm32l1xx_hal_pwr.o
LOAD ./Drivers/STM32L1xx_HAL_Driver/Src/stm32l1xx_hal_pwr_ex.o
LOAD ./Drivers/STM32L1xx_HAL_Driver/Src/stm32l1xx_hal_rcc.o
LOAD ./Drivers/STM32L1xx_HAL_Driver/Src/stm32l1xx_hal_rcc_ex.o
LOAD ./Drivers/STM32L1xx_HAL_Driver/Src/stm32l1xx_hal_tim.o
LOAD ./Drivers/STM32L1xx_HAL_Driver/Src/stm32l1xx_hal_tim_ex.o
START GROUP
LOAD C:/ST/STM32CubeIDE_1.15.0/STM32CubeIDE/plugins/com.st.stm32cube.ide.mcu.externaltools.gnu-tools-for-stm32.12.3.rel1.win32_1.0.100.202403111256/tools/bin/../lib/gcc/arm-none-eabi/12.3.1/../../../../arm-none-eabi/lib/thumb/v7-m/nofp\libc_nano.a
LOAD C:/ST/STM32CubeIDE_1.15.0/STM32CubeIDE/plugins/com.st.stm32cube.ide.mcu.externaltools.gnu-tools-for-stm32.12.3.rel1.win32_1.0.100.202403111256/tools/bin/../lib/gcc/arm-none-eabi/12.3.1/../../../../arm-none-eabi/lib/thumb/v7-m/nofp\libm.a
END GROUP
START GROUP
LOAD C:/ST/STM32CubeIDE_1.15.0/STM32CubeIDE/plugins/com.st.stm32cube.ide.mcu.externaltools.gnu-tools-for-stm32.12.3.rel1.win32_1.0.100.202403111256/tools/bin/../lib/gcc/arm-none-eabi/12.3.1/thumb/v7-m/nofp\libgcc.a
LOAD C:/ST/STM32CubeIDE_1.15.0/STM32CubeIDE/plugins/com.st.stm32cube.ide.mcu.externaltools.gnu-tools-for-stm32.12.3.rel1.win32_1.0.100.202403111256/tools/bin/../lib/gcc/arm-none-eabi/12.3.1/../../../../arm-none-eabi/lib/thumb/v7-m/nofp\libc_nano.a
END GROUP
START GROUP
LOAD C:/ST/STM32CubeIDE_1.15.0/STM32CubeIDE/plugins/com.st.stm32cube.ide.mcu.externaltools.gnu-tools-for-stm32.12.3.rel1.win32_1.0.100.202403111256/tools/bin/../lib/gcc/arm-none-eabi/12.3.1/thumb/v7-m/nofp\libgcc.a
LOAD C:/ST/STM32CubeIDE_1.15.0/STM32CubeIDE/plugins/com.st.stm32cube.ide.mcu.externaltools.gnu-tools-for-stm32.12.3.rel1.win32_1.0.100.202403111256/tools/bin/../lib/gcc/arm-none-eabi/12.3.1/../../../../arm-none-eabi/lib/thumb/v7-m/nofp\libc_nano.a
LOAD C:/ST/STM32CubeIDE_1.15.0/STM32CubeIDE/plugins/com.st.stm32cube.ide.mcu.externaltools.gnu-tools-for-stm32.12.3.rel1.win32_1.0.100.202403111256/tools/bin/../lib/gcc/arm-none-eabi/12.3.1/../../../../arm-none-eabi/lib/thumb/v7-m/nofp\libnosys.a
END GROUP
START GROUP
LOAD C:/ST/STM32CubeIDE_1.15.0/STM32CubeIDE/plugins/com.st.stm32cube.ide.mcu.externaltools.gnu-tools-for-stm32.12.3.rel1.win32_1.0.100.202403111256/tools/bin/../lib/gcc/arm-none-eabi/12.3.1/thumb/v7-m/nofp\libgcc.a
LOAD C:/ST/STM32CubeIDE_1.15.0/STM32CubeIDE/plugins/com.st.stm32cube.ide.mcu.externaltools.gnu-tools-for-stm32.12.3.rel1.win32_1.0.100.202403111256/tools/bin/../lib/gcc/arm-none-eabi/12.3.1/../../../../arm-none-eabi/lib/thumb/v7-m/nofp\libc_nano.a
LOAD C:/ST/STM32CubeIDE_1.15.0/STM32CubeIDE/plugins/com.st.stm32cube.ide.mcu.externaltools.gnu-tools-for-stm32.12.3.rel1.win32_1.0.100.202403111256/tools/bin/../lib/gcc/arm-none-eabi/12.3.1/../../../../arm-none-eabi/lib/thumb/v7-m/nofp\libnosys.a
END GROUP
LOAD C:/ST/STM32CubeIDE_1.15.0/STM32CubeIDE/plugins/com.st.stm32cube.ide.mcu.externaltools.gnu-tools-for-stm32.12.3.rel1.win32_1.0.100.202403111256/tools/bin/../lib/gcc/arm-none-eabi/12.3.1/thumb/v7-m/nofp/crtend.o
LOAD C:/ST/STM32CubeIDE_1.15.0/STM32CubeIDE/plugins/com.st.stm32cube.ide.mcu.externaltools.gnu-tools-for-stm32.12.3.rel1.win32_1.0.100.202403111256/tools/bin/../lib/gcc/arm-none-eabi/12.3.1/thumb/v7-m/nofp/crtn.o
                0x20002800                        _estack = (ORIGIN (RAM) + LENGTH (RAM))
                0x00000200                        _Min_Heap_Size = 0x200
                0x00000400                        _Min_Stack_Size = 0x400

.isr_vector     0x08000000      0x13c
                0x08000000                        . = ALIGN (0x4)
 *(.isr_vector)
 .isr_vector    0x08000000      0x13c ./Core/Startup/startup_stm32l151c8tx.o
                0x08000000                g_pfnVectors
                0x0800013c                        . = ALIGN (0x4)

.text           0x0800013c     0x4ac0
                0x0800013c                        . = ALIGN (0x4)
 *(.text)
 .text          0x0800013c       0x40 C:/ST/STM32CubeIDE_1.15.0/STM32CubeIDE/plugins/com.st.stm32cube.ide.mcu.externaltools.gnu-tools-for-stm32.12.3.rel1.win32_1.0.100.202403111256/tools/bin/../lib/gcc/arm-none-eabi/12.3.1/thumb/v7-m/nofp/crtbegin.o
 .text          0x0800017c       0x30 C:/ST/STM32CubeIDE_1.15.0/STM32CubeIDE/plugins/com.st.stm32cube.ide.mcu.externaltools.gnu-tools-for-stm32.12.3.rel1.win32_1.0.100.202403111256/tools/bin/../lib/gcc/arm-none-eabi/12.3.1/thumb/v7-m/nofp\libgcc.a(_aeabi_uldivmod.o)
                0x0800017c                __aeabi_uldivmod
 .text          0x080001ac      0x2b8 C:/ST/STM32CubeIDE_1.15.0/STM32CubeIDE/plugins/com.st.stm32cube.ide.mcu.externaltools.gnu-tools-for-stm32.12.3.rel1.win32_1.0.100.202403111256/tools/bin/../lib/gcc/arm-none-eabi/12.3.1/thumb/v7-m/nofp\libgcc.a(_udivmoddi4.o)
                0x080001ac                __udivmoddi4
 .text          0x08000464        0x4 C:/ST/STM32CubeIDE_1.15.0/STM32CubeIDE/plugins/com.st.stm32cube.ide.mcu.externaltools.gnu-tools-for-stm32.12.3.rel1.win32_1.0.100.202403111256/tools/bin/../lib/gcc/arm-none-eabi/12.3.1/thumb/v7-m/nofp\libgcc.a(_dvmd_tls.o)
                0x08000464                __aeabi_idiv0
                0x08000464                __aeabi_ldiv0
 *(.text*)
 .text.main     0x08000468      0x3bc ./Core/Src/main.o
                0x08000468                main
 .text.SystemClock_Config
                0x08000824       0x9c ./Core/Src/main.o
                0x08000824                SystemClock_Config
 .text.MX_GPIO_Init
                0x080008c0       0xf4 ./Core/Src/main.o
 .text.ssd1306_Line_Buffered
                0x080009b4       0x84 ./Core/Src/main.o
                0x080009b4                ssd1306_Line_Buffered
 .text.ssd1306_DrawBitmap_Buffered
                0x08000a38       0xdc ./Core/Src/main.o
                0x08000a38                ssd1306_DrawBitmap_Buffered
 .text.ssd1306_FillRectangle_Buffered
                0x08000b14       0xf2 ./Core/Src/main.o
                0x08000b14                ssd1306_FillRectangle_Buffered
 *fill*         0x08000c06        0x2 
 .text.HAL_GPIO_EXTI_Callback
                0x08000c08       0x70 ./Core/Src/main.o
                0x08000c08                HAL_GPIO_EXTI_Callback
 .text.handle_jump_press
                0x08000c78       0x28 ./Core/Src/main.o
                0x08000c78                handle_jump_press
 .text.handle_reset_press
                0x08000ca0      0x10c ./Core/Src/main.o
                0x08000ca0                handle_reset_press
 .text.update_game_logic
                0x08000dac      0x5b8 ./Core/Src/main.o
                0x08000dac                update_game_logic
 .text.render_game
                0x08001364      0x2b8 ./Core/Src/main.o
                0x08001364                render_game
 .text.ssd1306_DrawBitmap_Masked
                0x0800161c      0x166 ./Core/Src/main.o
                0x0800161c                ssd1306_DrawBitmap_Masked
 .text.Check_Collision
                0x08001782       0x54 ./Core/Src/main.o
                0x08001782                Check_Collision
 *fill*         0x080017d6        0x2 
 .text.Render_Ground
                0x080017d8       0x78 ./Core/Src/main.o
                0x080017d8                Render_Ground
 .text.Render_Number
                0x08001850       0x4c ./Core/Src/main.o
                0x08001850                Render_Number
 .text.Render_Heart
                0x0800189c       0x5c ./Core/Src/main.o
                0x0800189c                Render_Heart
 .text.Save_Hi_Score
                0x080018f8       0x48 ./Core/Src/main.o
                0x080018f8                Save_Hi_Score
 .text.Error_Handler
                0x08001940        0xc ./Core/Src/main.o
                0x08001940                Error_Handler
 .text.I2C_Delay
                0x0800194c       0x24 ./Core/Src/soft_i2c.o
 .text.SDA_High
                0x08001970       0x18 ./Core/Src/soft_i2c.o
 .text.SDA_Low  0x08001988       0x18 ./Core/Src/soft_i2c.o
 .text.SCL_High
                0x080019a0       0x1c ./Core/Src/soft_i2c.o
 .text.SCL_Low  0x080019bc       0x1c ./Core/Src/soft_i2c.o
 .text.SoftI2C_Start
                0x080019d8       0x24 ./Core/Src/soft_i2c.o
                0x080019d8                SoftI2C_Start
 .text.SoftI2C_Stop
                0x080019fc       0x1c ./Core/Src/soft_i2c.o
                0x080019fc                SoftI2C_Stop
 .text.SoftI2C_WriteBit
                0x08001a18       0x2c ./Core/Src/soft_i2c.o
 .text.SoftI2C_ReadBit
                0x08001a44       0x60 ./Core/Src/soft_i2c.o
 .text.SoftI2C_WriteByte
                0x08001aa4       0x4a ./Core/Src/soft_i2c.o
                0x08001aa4                SoftI2C_WriteByte
 .text.ssd1306_Reset
                0x08001aee        0xc ./Core/Src/ssd1306.o
                0x08001aee                ssd1306_Reset
 .text.ssd1306_WriteCommand
                0x08001afa       0x2e ./Core/Src/ssd1306.o
                0x08001afa                ssd1306_WriteCommand
 .text.ssd1306_WriteData
                0x08001b28       0x48 ./Core/Src/ssd1306.o
                0x08001b28                ssd1306_WriteData
 .text.ssd1306_Init
                0x08001b70       0xd4 ./Core/Src/ssd1306.o
                0x08001b70                ssd1306_Init
 .text.ssd1306_Fill
                0x08001c44       0x30 ./Core/Src/ssd1306.o
                0x08001c44                ssd1306_Fill
 .text.ssd1306_UpdateScreen
                0x08001c74       0x50 ./Core/Src/ssd1306.o
                0x08001c74                ssd1306_UpdateScreen
 .text.ssd1306_DrawPixel
                0x08001cc4       0xa4 ./Core/Src/ssd1306.o
                0x08001cc4                ssd1306_DrawPixel
 .text.ssd1306_WriteChar
                0x08001d68      0x124 ./Core/Src/ssd1306.o
                0x08001d68                ssd1306_WriteChar
 .text.ssd1306_WriteString
                0x08001e8c       0x4c ./Core/Src/ssd1306.o
                0x08001e8c                ssd1306_WriteString
 .text.ssd1306_SetCursor
                0x08001ed8       0x30 ./Core/Src/ssd1306.o
                0x08001ed8                ssd1306_SetCursor
 .text.ssd1306_SetContrast
                0x08001f08       0x26 ./Core/Src/ssd1306.o
                0x08001f08                ssd1306_SetContrast
 *fill*         0x08001f2e        0x2 
 .text.ssd1306_SetDisplayOn
                0x08001f30       0x3c ./Core/Src/ssd1306.o
                0x08001f30                ssd1306_SetDisplayOn
 .text.ssd1306_UpdateArea
                0x08001f6c      0x154 ./Core/Src/ssd1306.o
                0x08001f6c                ssd1306_UpdateArea
 .text.HAL_MspInit
                0x080020c0       0x5c ./Core/Src/stm32l1xx_hal_msp.o
                0x080020c0                HAL_MspInit
 .text.NMI_Handler
                0x0800211c        0x8 ./Core/Src/stm32l1xx_it.o
                0x0800211c                NMI_Handler
 .text.HardFault_Handler
                0x08002124        0x8 ./Core/Src/stm32l1xx_it.o
                0x08002124                HardFault_Handler
 .text.MemManage_Handler
                0x0800212c        0x8 ./Core/Src/stm32l1xx_it.o
                0x0800212c                MemManage_Handler
 .text.BusFault_Handler
                0x08002134        0x8 ./Core/Src/stm32l1xx_it.o
                0x08002134                BusFault_Handler
 .text.UsageFault_Handler
                0x0800213c        0x8 ./Core/Src/stm32l1xx_it.o
                0x0800213c                UsageFault_Handler
 .text.SVC_Handler
                0x08002144        0xc ./Core/Src/stm32l1xx_it.o
                0x08002144                SVC_Handler
 .text.DebugMon_Handler
                0x08002150        0xc ./Core/Src/stm32l1xx_it.o
                0x08002150                DebugMon_Handler
 .text.PendSV_Handler
                0x0800215c        0xc ./Core/Src/stm32l1xx_it.o
                0x0800215c                PendSV_Handler
 .text.SysTick_Handler
                0x08002168        0xc ./Core/Src/stm32l1xx_it.o
                0x08002168                SysTick_Handler
 .text.EXTI3_IRQHandler
                0x08002174        0xe ./Core/Src/stm32l1xx_it.o
                0x08002174                EXTI3_IRQHandler
 .text.EXTI15_10_IRQHandler
                0x08002182       0x10 ./Core/Src/stm32l1xx_it.o
                0x08002182                EXTI15_10_IRQHandler
 .text._getpid  0x08002192        0xe ./Core/Src/syscalls.o
                0x08002192                _getpid
 .text._kill    0x080021a0       0x20 ./Core/Src/syscalls.o
                0x080021a0                _kill
 .text._exit    0x080021c0       0x16 ./Core/Src/syscalls.o
                0x080021c0                _exit
 .text._read    0x080021d6       0x3a ./Core/Src/syscalls.o
                0x080021d6                _read
 .text._write   0x08002210       0x38 ./Core/Src/syscalls.o
                0x08002210                _write
 .text._close   0x08002248       0x16 ./Core/Src/syscalls.o
                0x08002248                _close
 .text._fstat   0x0800225e       0x1e ./Core/Src/syscalls.o
                0x0800225e                _fstat
 .text._isatty  0x0800227c       0x14 ./Core/Src/syscalls.o
                0x0800227c                _isatty
 .text._lseek   0x08002290       0x18 ./Core/Src/syscalls.o
                0x08002290                _lseek
 .text._sbrk    0x080022a8       0x6c ./Core/Src/sysmem.o
                0x080022a8                _sbrk
 .text.SystemInit
                0x08002314        0xc ./Core/Src/system_stm32l1xx.o
                0x08002314                SystemInit
 .text.Reset_Handler
                0x08002320       0x48 ./Core/Startup/startup_stm32l151c8tx.o
                0x08002320                Reset_Handler
 .text.Default_Handler
                0x08002368        0x2 ./Core/Startup/startup_stm32l151c8tx.o
                0x08002368                RTC_Alarm_IRQHandler
                0x08002368                EXTI2_IRQHandler
                0x08002368                TIM10_IRQHandler
                0x08002368                USB_HP_IRQHandler
                0x08002368                TIM6_IRQHandler
                0x08002368                PVD_IRQHandler
                0x08002368                EXTI0_IRQHandler
                0x08002368                I2C2_EV_IRQHandler
                0x08002368                SPI1_IRQHandler
                0x08002368                USB_FS_WKUP_IRQHandler
                0x08002368                DMA1_Channel4_IRQHandler
                0x08002368                ADC1_IRQHandler
                0x08002368                USART3_IRQHandler
                0x08002368                DMA1_Channel7_IRQHandler
                0x08002368                TIM4_IRQHandler
                0x08002368                I2C1_EV_IRQHandler
                0x08002368                DMA1_Channel6_IRQHandler
                0x08002368                TIM3_IRQHandler
                0x08002368                RCC_IRQHandler
                0x08002368                DMA1_Channel1_IRQHandler
                0x08002368                Default_Handler
                0x08002368                TIM7_IRQHandler
                0x08002368                EXTI9_5_IRQHandler
                0x08002368                TIM9_IRQHandler
                0x08002368                TAMPER_STAMP_IRQHandler
                0x08002368                RTC_WKUP_IRQHandler
                0x08002368                SPI2_IRQHandler
                0x08002368                DMA1_Channel5_IRQHandler
                0x08002368                USB_LP_IRQHandler
                0x08002368                EXTI4_IRQHandler
                0x08002368                DMA1_Channel3_IRQHandler
                0x08002368                COMP_IRQHandler
                0x08002368                WWDG_IRQHandler
                0x08002368                TIM2_IRQHandler
                0x08002368                DAC_IRQHandler
                0x08002368                EXTI1_IRQHandler
                0x08002368                TIM11_IRQHandler
                0x08002368                USART2_IRQHandler
                0x08002368                I2C2_ER_IRQHandler
                0x08002368                DMA1_Channel2_IRQHandler
                0x08002368                FLASH_IRQHandler
                0x08002368                USART1_IRQHandler
                0x08002368                I2C1_ER_IRQHandler
 .text.HAL_Init
                0x0800236a       0x30 ./Drivers/STM32L1xx_HAL_Driver/Src/stm32l1xx_hal.o
                0x0800236a                HAL_Init
 *fill*         0x0800239a        0x2 
 .text.HAL_InitTick
                0x0800239c       0x74 ./Drivers/STM32L1xx_HAL_Driver/Src/stm32l1xx_hal.o
                0x0800239c                HAL_InitTick
 .text.HAL_IncTick
                0x08002410       0x24 ./Drivers/STM32L1xx_HAL_Driver/Src/stm32l1xx_hal.o
                0x08002410                HAL_IncTick
 .text.HAL_GetTick
                0x08002434       0x14 ./Drivers/STM32L1xx_HAL_Driver/Src/stm32l1xx_hal.o
                0x08002434                HAL_GetTick
 .text.HAL_Delay
                0x08002448       0x44 ./Drivers/STM32L1xx_HAL_Driver/Src/stm32l1xx_hal.o
                0x08002448                HAL_Delay
 .text.__NVIC_SetPriorityGrouping
                0x0800248c       0x48 ./Drivers/STM32L1xx_HAL_Driver/Src/stm32l1xx_hal_cortex.o
 .text.__NVIC_GetPriorityGrouping
                0x080024d4       0x1c ./Drivers/STM32L1xx_HAL_Driver/Src/stm32l1xx_hal_cortex.o
 .text.__NVIC_EnableIRQ
                0x080024f0       0x38 ./Drivers/STM32L1xx_HAL_Driver/Src/stm32l1xx_hal_cortex.o
 .text.__NVIC_SetPriority
                0x08002528       0x54 ./Drivers/STM32L1xx_HAL_Driver/Src/stm32l1xx_hal_cortex.o
 .text.NVIC_EncodePriority
                0x0800257c       0x64 ./Drivers/STM32L1xx_HAL_Driver/Src/stm32l1xx_hal_cortex.o
 .text.SysTick_Config
                0x080025e0       0x44 ./Drivers/STM32L1xx_HAL_Driver/Src/stm32l1xx_hal_cortex.o
 .text.HAL_NVIC_SetPriorityGrouping
                0x08002624       0x16 ./Drivers/STM32L1xx_HAL_Driver/Src/stm32l1xx_hal_cortex.o
                0x08002624                HAL_NVIC_SetPriorityGrouping
 .text.HAL_NVIC_SetPriority
                0x0800263a       0x38 ./Drivers/STM32L1xx_HAL_Driver/Src/stm32l1xx_hal_cortex.o
                0x0800263a                HAL_NVIC_SetPriority
 .text.HAL_NVIC_EnableIRQ
                0x08002672       0x1c ./Drivers/STM32L1xx_HAL_Driver/Src/stm32l1xx_hal_cortex.o
                0x08002672                HAL_NVIC_EnableIRQ
 .text.HAL_SYSTICK_Config
                0x0800268e       0x18 ./Drivers/STM32L1xx_HAL_Driver/Src/stm32l1xx_hal_cortex.o
                0x0800268e                HAL_SYSTICK_Config
 *fill*         0x080026a6        0x2 
 .text.HAL_FLASH_Program
                0x080026a8       0x5c ./Drivers/STM32L1xx_HAL_Driver/Src/stm32l1xx_hal_flash.o
                0x080026a8                HAL_FLASH_Program
 .text.HAL_FLASH_Unlock
                0x08002704       0x74 ./Drivers/STM32L1xx_HAL_Driver/Src/stm32l1xx_hal_flash.o
                0x08002704                HAL_FLASH_Unlock
 .text.HAL_FLASH_Lock
                0x08002778       0x20 ./Drivers/STM32L1xx_HAL_Driver/Src/stm32l1xx_hal_flash.o
                0x08002778                HAL_FLASH_Lock
 .text.FLASH_WaitForLastOperation
                0x08002798       0xa0 ./Drivers/STM32L1xx_HAL_Driver/Src/stm32l1xx_hal_flash.o
                0x08002798                FLASH_WaitForLastOperation
 .text.FLASH_SetErrorCode
                0x08002838       0xac ./Drivers/STM32L1xx_HAL_Driver/Src/stm32l1xx_hal_flash.o
 .text.HAL_FLASHEx_Erase
                0x080028e4       0xac ./Drivers/STM32L1xx_HAL_Driver/Src/stm32l1xx_hal_flash_ex.o
                0x080028e4                HAL_FLASHEx_Erase
 .text.FLASH_PageErase
                0x08002990       0x44 ./Drivers/STM32L1xx_HAL_Driver/Src/stm32l1xx_hal_flash_ex.o
                0x08002990                FLASH_PageErase
 .text.HAL_GPIO_Init
                0x080029d4      0x300 ./Drivers/STM32L1xx_HAL_Driver/Src/stm32l1xx_hal_gpio.o
                0x080029d4                HAL_GPIO_Init
 .text.HAL_GPIO_ReadPin
                0x08002cd4       0x2e ./Drivers/STM32L1xx_HAL_Driver/Src/stm32l1xx_hal_gpio.o
                0x08002cd4                HAL_GPIO_ReadPin
 .text.HAL_GPIO_WritePin
                0x08002d02       0x30 ./Drivers/STM32L1xx_HAL_Driver/Src/stm32l1xx_hal_gpio.o
                0x08002d02                HAL_GPIO_WritePin
 *fill*         0x08002d32        0x2 
 .text.HAL_GPIO_EXTI_IRQHandler
                0x08002d34       0x30 ./Drivers/STM32L1xx_HAL_Driver/Src/stm32l1xx_hal_gpio.o
                0x08002d34                HAL_GPIO_EXTI_IRQHandler
 .text.HAL_RCC_OscConfig
                0x08002d64      0x660 ./Drivers/STM32L1xx_HAL_Driver/Src/stm32l1xx_hal_rcc.o
                0x08002d64                HAL_RCC_OscConfig
 .text.HAL_RCC_ClockConfig
                0x080033c4      0x268 ./Drivers/STM32L1xx_HAL_Driver/Src/stm32l1xx_hal_rcc.o
                0x080033c4                HAL_RCC_ClockConfig
 .text.HAL_RCC_GetSysClockFreq
                0x0800362c      0x17c ./Drivers/STM32L1xx_HAL_Driver/Src/stm32l1xx_hal_rcc.o
                0x0800362c                HAL_RCC_GetSysClockFreq
 .text.RCC_SetFlashLatencyFromMSIRange
                0x080037a8       0xc0 ./Drivers/STM32L1xx_HAL_Driver/Src/stm32l1xx_hal_rcc.o
 .text.rand     0x08003868       0x7c C:/ST/STM32CubeIDE_1.15.0/STM32CubeIDE/plugins/com.st.stm32cube.ide.mcu.externaltools.gnu-tools-for-stm32.12.3.rel1.win32_1.0.100.202403111256/tools/bin/../lib/gcc/arm-none-eabi/12.3.1/../../../../arm-none-eabi/lib/thumb/v7-m/nofp\libc_nano.a(libc_a-rand.o)
                0x08003868                rand
 .text.std      0x080038e4       0x6c C:/ST/STM32CubeIDE_1.15.0/STM32CubeIDE/plugins/com.st.stm32cube.ide.mcu.externaltools.gnu-tools-for-stm32.12.3.rel1.win32_1.0.100.202403111256/tools/bin/../lib/gcc/arm-none-eabi/12.3.1/../../../../arm-none-eabi/lib/thumb/v7-m/nofp\libc_nano.a(libc_a-findfp.o)
 .text.stdio_exit_handler
                0x08003950       0x18 C:/ST/STM32CubeIDE_1.15.0/STM32CubeIDE/plugins/com.st.stm32cube.ide.mcu.externaltools.gnu-tools-for-stm32.12.3.rel1.win32_1.0.100.202403111256/tools/bin/../lib/gcc/arm-none-eabi/12.3.1/../../../../arm-none-eabi/lib/thumb/v7-m/nofp\libc_nano.a(libc_a-findfp.o)
 .text.cleanup_stdio
                0x08003968       0x40 C:/ST/STM32CubeIDE_1.15.0/STM32CubeIDE/plugins/com.st.stm32cube.ide.mcu.externaltools.gnu-tools-for-stm32.12.3.rel1.win32_1.0.100.202403111256/tools/bin/../lib/gcc/arm-none-eabi/12.3.1/../../../../arm-none-eabi/lib/thumb/v7-m/nofp\libc_nano.a(libc_a-findfp.o)
 .text.global_stdio_init.part.0
                0x080039a8       0x3c C:/ST/STM32CubeIDE_1.15.0/STM32CubeIDE/plugins/com.st.stm32cube.ide.mcu.externaltools.gnu-tools-for-stm32.12.3.rel1.win32_1.0.100.202403111256/tools/bin/../lib/gcc/arm-none-eabi/12.3.1/../../../../arm-none-eabi/lib/thumb/v7-m/nofp\libc_nano.a(libc_a-findfp.o)
 .text.__sfp_lock_acquire
                0x080039e4        0xc C:/ST/STM32CubeIDE_1.15.0/STM32CubeIDE/plugins/com.st.stm32cube.ide.mcu.externaltools.gnu-tools-for-stm32.12.3.rel1.win32_1.0.100.202403111256/tools/bin/../lib/gcc/arm-none-eabi/12.3.1/../../../../arm-none-eabi/lib/thumb/v7-m/nofp\libc_nano.a(libc_a-findfp.o)
                0x080039e4                __sfp_lock_acquire
 .text.__sfp_lock_release
                0x080039f0        0xc C:/ST/STM32CubeIDE_1.15.0/STM32CubeIDE/plugins/com.st.stm32cube.ide.mcu.externaltools.gnu-tools-for-stm32.12.3.rel1.win32_1.0.100.202403111256/tools/bin/../lib/gcc/arm-none-eabi/12.3.1/../../../../arm-none-eabi/lib/thumb/v7-m/nofp\libc_nano.a(libc_a-findfp.o)
                0x080039f0                __sfp_lock_release
 .text.__sinit  0x080039fc       0x30 C:/ST/STM32CubeIDE_1.15.0/STM32CubeIDE/plugins/com.st.stm32cube.ide.mcu.externaltools.gnu-tools-for-stm32.12.3.rel1.win32_1.0.100.202403111256/tools/bin/../lib/gcc/arm-none-eabi/12.3.1/../../../../arm-none-eabi/lib/thumb/v7-m/nofp\libc_nano.a(libc_a-findfp.o)
                0x080039fc                __sinit
 .text._fwalk_sglue
                0x08003a2c       0x3c C:/ST/STM32CubeIDE_1.15.0/STM32CubeIDE/plugins/com.st.stm32cube.ide.mcu.externaltools.gnu-tools-for-stm32.12.3.rel1.win32_1.0.100.202403111256/tools/bin/../lib/gcc/arm-none-eabi/12.3.1/../../../../arm-none-eabi/lib/thumb/v7-m/nofp\libc_nano.a(libc_a-fwalk.o)
                0x08003a2c                _fwalk_sglue
 .text.sprintf  0x08003a68       0x40 C:/ST/STM32CubeIDE_1.15.0/STM32CubeIDE/plugins/com.st.stm32cube.ide.mcu.externaltools.gnu-tools-for-stm32.12.3.rel1.win32_1.0.100.202403111256/tools/bin/../lib/gcc/arm-none-eabi/12.3.1/../../../../arm-none-eabi/lib/thumb/v7-m/nofp\libc_nano.a(libc_a-sprintf.o)
                0x08003a68                siprintf
                0x08003a68                sprintf
 .text.__sread  0x08003aa8       0x22 C:/ST/STM32CubeIDE_1.15.0/STM32CubeIDE/plugins/com.st.stm32cube.ide.mcu.externaltools.gnu-tools-for-stm32.12.3.rel1.win32_1.0.100.202403111256/tools/bin/../lib/gcc/arm-none-eabi/12.3.1/../../../../arm-none-eabi/lib/thumb/v7-m/nofp\libc_nano.a(libc_a-stdio.o)
                0x08003aa8                __sread
 .text.__swrite
                0x08003aca       0x38 C:/ST/STM32CubeIDE_1.15.0/STM32CubeIDE/plugins/com.st.stm32cube.ide.mcu.externaltools.gnu-tools-for-stm32.12.3.rel1.win32_1.0.100.202403111256/tools/bin/../lib/gcc/arm-none-eabi/12.3.1/../../../../arm-none-eabi/lib/thumb/v7-m/nofp\libc_nano.a(libc_a-stdio.o)
                0x08003aca                __swrite
 .text.__sseek  0x08003b02       0x24 C:/ST/STM32CubeIDE_1.15.0/STM32CubeIDE/plugins/com.st.stm32cube.ide.mcu.externaltools.gnu-tools-for-stm32.12.3.rel1.win32_1.0.100.202403111256/tools/bin/../lib/gcc/arm-none-eabi/12.3.1/../../../../arm-none-eabi/lib/thumb/v7-m/nofp\libc_nano.a(libc_a-stdio.o)
                0x08003b02                __sseek
 .text.__sclose
                0x08003b26        0x8 C:/ST/STM32CubeIDE_1.15.0/STM32CubeIDE/plugins/com.st.stm32cube.ide.mcu.externaltools.gnu-tools-for-stm32.12.3.rel1.win32_1.0.100.202403111256/tools/bin/../lib/gcc/arm-none-eabi/12.3.1/../../../../arm-none-eabi/lib/thumb/v7-m/nofp\libc_nano.a(libc_a-stdio.o)
                0x08003b26                __sclose
 .text.memmove  0x08003b2e       0x34 C:/ST/STM32CubeIDE_1.15.0/STM32CubeIDE/plugins/com.st.stm32cube.ide.mcu.externaltools.gnu-tools-for-stm32.12.3.rel1.win32_1.0.100.202403111256/tools/bin/../lib/gcc/arm-none-eabi/12.3.1/../../../../arm-none-eabi/lib/thumb/v7-m/nofp\libc_nano.a(libc_a-memmove.o)
                0x08003b2e                memmove
 .text.memset   0x08003b62       0x10 C:/ST/STM32CubeIDE_1.15.0/STM32CubeIDE/plugins/com.st.stm32cube.ide.mcu.externaltools.gnu-tools-for-stm32.12.3.rel1.win32_1.0.100.202403111256/tools/bin/../lib/gcc/arm-none-eabi/12.3.1/../../../../arm-none-eabi/lib/thumb/v7-m/nofp\libc_nano.a(libc_a-memset.o)
                0x08003b62                memset
 *fill*         0x08003b72        0x2 
 .text._close_r
                0x08003b74       0x20 C:/ST/STM32CubeIDE_1.15.0/STM32CubeIDE/plugins/com.st.stm32cube.ide.mcu.externaltools.gnu-tools-for-stm32.12.3.rel1.win32_1.0.100.202403111256/tools/bin/../lib/gcc/arm-none-eabi/12.3.1/../../../../arm-none-eabi/lib/thumb/v7-m/nofp\libc_nano.a(libc_a-closer.o)
                0x08003b74                _close_r
 .text._lseek_r
                0x08003b94       0x24 C:/ST/STM32CubeIDE_1.15.0/STM32CubeIDE/plugins/com.st.stm32cube.ide.mcu.externaltools.gnu-tools-for-stm32.12.3.rel1.win32_1.0.100.202403111256/tools/bin/../lib/gcc/arm-none-eabi/12.3.1/../../../../arm-none-eabi/lib/thumb/v7-m/nofp\libc_nano.a(libc_a-lseekr.o)
                0x08003b94                _lseek_r
 .text._read_r  0x08003bb8       0x24 C:/ST/STM32CubeIDE_1.15.0/STM32CubeIDE/plugins/com.st.stm32cube.ide.mcu.externaltools.gnu-tools-for-stm32.12.3.rel1.win32_1.0.100.202403111256/tools/bin/../lib/gcc/arm-none-eabi/12.3.1/../../../../arm-none-eabi/lib/thumb/v7-m/nofp\libc_nano.a(libc_a-readr.o)
                0x08003bb8                _read_r
 .text._write_r
                0x08003bdc       0x24 C:/ST/STM32CubeIDE_1.15.0/STM32CubeIDE/plugins/com.st.stm32cube.ide.mcu.externaltools.gnu-tools-for-stm32.12.3.rel1.win32_1.0.100.202403111256/tools/bin/../lib/gcc/arm-none-eabi/12.3.1/../../../../arm-none-eabi/lib/thumb/v7-m/nofp\libc_nano.a(libc_a-writer.o)
                0x08003bdc                _write_r
 .text.__errno  0x08003c00        0xc C:/ST/STM32CubeIDE_1.15.0/STM32CubeIDE/plugins/com.st.stm32cube.ide.mcu.externaltools.gnu-tools-for-stm32.12.3.rel1.win32_1.0.100.202403111256/tools/bin/../lib/gcc/arm-none-eabi/12.3.1/../../../../arm-none-eabi/lib/thumb/v7-m/nofp\libc_nano.a(libc_a-errno.o)
                0x08003c00                __errno
 .text.__libc_init_array
                0x08003c0c       0x48 C:/ST/STM32CubeIDE_1.15.0/STM32CubeIDE/plugins/com.st.stm32cube.ide.mcu.externaltools.gnu-tools-for-stm32.12.3.rel1.win32_1.0.100.202403111256/tools/bin/../lib/gcc/arm-none-eabi/12.3.1/../../../../arm-none-eabi/lib/thumb/v7-m/nofp\libc_nano.a(libc_a-init.o)
                0x08003c0c                __libc_init_array
 .text.__retarget_lock_init_recursive
                0x08003c54        0x2 C:/ST/STM32CubeIDE_1.15.0/STM32CubeIDE/plugins/com.st.stm32cube.ide.mcu.externaltools.gnu-tools-for-stm32.12.3.rel1.win32_1.0.100.202403111256/tools/bin/../lib/gcc/arm-none-eabi/12.3.1/../../../../arm-none-eabi/lib/thumb/v7-m/nofp\libc_nano.a(libc_a-lock.o)
                0x08003c54                __retarget_lock_init_recursive
 .text.__retarget_lock_acquire_recursive
                0x08003c56        0x2 C:/ST/STM32CubeIDE_1.15.0/STM32CubeIDE/plugins/com.st.stm32cube.ide.mcu.externaltools.gnu-tools-for-stm32.12.3.rel1.win32_1.0.100.202403111256/tools/bin/../lib/gcc/arm-none-eabi/12.3.1/../../../../arm-none-eabi/lib/thumb/v7-m/nofp\libc_nano.a(libc_a-lock.o)
                0x08003c56                __retarget_lock_acquire_recursive
 .text.__retarget_lock_release_recursive
                0x08003c58        0x2 C:/ST/STM32CubeIDE_1.15.0/STM32CubeIDE/plugins/com.st.stm32cube.ide.mcu.externaltools.gnu-tools-for-stm32.12.3.rel1.win32_1.0.100.202403111256/tools/bin/../lib/gcc/arm-none-eabi/12.3.1/../../../../arm-none-eabi/lib/thumb/v7-m/nofp\libc_nano.a(libc_a-lock.o)
                0x08003c58                __retarget_lock_release_recursive
 .text.memcpy   0x08003c5a       0x1c C:/ST/STM32CubeIDE_1.15.0/STM32CubeIDE/plugins/com.st.stm32cube.ide.mcu.externaltools.gnu-tools-for-stm32.12.3.rel1.win32_1.0.100.202403111256/tools/bin/../lib/gcc/arm-none-eabi/12.3.1/../../../../arm-none-eabi/lib/thumb/v7-m/nofp\libc_nano.a(libc_a-memcpy-stub.o)
                0x08003c5a                memcpy
 *fill*         0x08003c76        0x2 
 .text.__assert_func
                0x08003c78       0x3c C:/ST/STM32CubeIDE_1.15.0/STM32CubeIDE/plugins/com.st.stm32cube.ide.mcu.externaltools.gnu-tools-for-stm32.12.3.rel1.win32_1.0.100.202403111256/tools/bin/../lib/gcc/arm-none-eabi/12.3.1/../../../../arm-none-eabi/lib/thumb/v7-m/nofp\libc_nano.a(libc_a-assert.o)
                0x08003c78                __assert_func
 .text._free_r  0x08003cb4       0x90 C:/ST/STM32CubeIDE_1.15.0/STM32CubeIDE/plugins/com.st.stm32cube.ide.mcu.externaltools.gnu-tools-for-stm32.12.3.rel1.win32_1.0.100.202403111256/tools/bin/../lib/gcc/arm-none-eabi/12.3.1/../../../../arm-none-eabi/lib/thumb/v7-m/nofp\libc_nano.a(libc_a-freer.o)
                0x08003cb4                _free_r
 .text.malloc   0x08003d44       0x10 C:/ST/STM32CubeIDE_1.15.0/STM32CubeIDE/plugins/com.st.stm32cube.ide.mcu.externaltools.gnu-tools-for-stm32.12.3.rel1.win32_1.0.100.202403111256/tools/bin/../lib/gcc/arm-none-eabi/12.3.1/../../../../arm-none-eabi/lib/thumb/v7-m/nofp\libc_nano.a(libc_a-malloc.o)
                0x08003d44                malloc
 .text.sbrk_aligned
                0x08003d54       0x44 C:/ST/STM32CubeIDE_1.15.0/STM32CubeIDE/plugins/com.st.stm32cube.ide.mcu.externaltools.gnu-tools-for-stm32.12.3.rel1.win32_1.0.100.202403111256/tools/bin/../lib/gcc/arm-none-eabi/12.3.1/../../../../arm-none-eabi/lib/thumb/v7-m/nofp\libc_nano.a(libc_a-mallocr.o)
 .text._malloc_r
                0x08003d98      0x100 C:/ST/STM32CubeIDE_1.15.0/STM32CubeIDE/plugins/com.st.stm32cube.ide.mcu.externaltools.gnu-tools-for-stm32.12.3.rel1.win32_1.0.100.202403111256/tools/bin/../lib/gcc/arm-none-eabi/12.3.1/../../../../arm-none-eabi/lib/thumb/v7-m/nofp\libc_nano.a(libc_a-mallocr.o)
                0x08003d98                _malloc_r
 .text.__malloc_lock
                0x08003e98        0xc C:/ST/STM32CubeIDE_1.15.0/STM32CubeIDE/plugins/com.st.stm32cube.ide.mcu.externaltools.gnu-tools-for-stm32.12.3.rel1.win32_1.0.100.202403111256/tools/bin/../lib/gcc/arm-none-eabi/12.3.1/../../../../arm-none-eabi/lib/thumb/v7-m/nofp\libc_nano.a(libc_a-mlock.o)
                0x08003e98                __malloc_lock
 .text.__malloc_unlock
                0x08003ea4        0xc C:/ST/STM32CubeIDE_1.15.0/STM32CubeIDE/plugins/com.st.stm32cube.ide.mcu.externaltools.gnu-tools-for-stm32.12.3.rel1.win32_1.0.100.202403111256/tools/bin/../lib/gcc/arm-none-eabi/12.3.1/../../../../arm-none-eabi/lib/thumb/v7-m/nofp\libc_nano.a(libc_a-mlock.o)
                0x08003ea4                __malloc_unlock
 .text.__ssputs_r
                0x08003eb0       0xb6 C:/ST/STM32CubeIDE_1.15.0/STM32CubeIDE/plugins/com.st.stm32cube.ide.mcu.externaltools.gnu-tools-for-stm32.12.3.rel1.win32_1.0.100.202403111256/tools/bin/../lib/gcc/arm-none-eabi/12.3.1/../../../../arm-none-eabi/lib/thumb/v7-m/nofp\libc_nano.a(libc_a-nano-svfprintf.o)
                0x08003eb0                __ssputs_r
 *fill*         0x08003f66        0x2 
 .text._svfprintf_r
                0x08003f68      0x1f8 C:/ST/STM32CubeIDE_1.15.0/STM32CubeIDE/plugins/com.st.stm32cube.ide.mcu.externaltools.gnu-tools-for-stm32.12.3.rel1.win32_1.0.100.202403111256/tools/bin/../lib/gcc/arm-none-eabi/12.3.1/../../../../arm-none-eabi/lib/thumb/v7-m/nofp\libc_nano.a(libc_a-nano-svfprintf.o)
                0x08003f68                _svfiprintf_r
                0x08003f68                _svfprintf_r
 .text._printf_common
                0x08004160       0xe4 C:/ST/STM32CubeIDE_1.15.0/STM32CubeIDE/plugins/com.st.stm32cube.ide.mcu.externaltools.gnu-tools-for-stm32.12.3.rel1.win32_1.0.100.202403111256/tools/bin/../lib/gcc/arm-none-eabi/12.3.1/../../../../arm-none-eabi/lib/thumb/v7-m/nofp\libc_nano.a(libc_a-nano-vfprintf_i.o)
                0x08004160                _printf_common
 .text._printf_i
                0x08004244      0x240 C:/ST/STM32CubeIDE_1.15.0/STM32CubeIDE/plugins/com.st.stm32cube.ide.mcu.externaltools.gnu-tools-for-stm32.12.3.rel1.win32_1.0.100.202403111256/tools/bin/../lib/gcc/arm-none-eabi/12.3.1/../../../../arm-none-eabi/lib/thumb/v7-m/nofp\libc_nano.a(libc_a-nano-vfprintf_i.o)
                0x08004244                _printf_i
 .text.__sflush_r
                0x08004484      0x100 C:/ST/STM32CubeIDE_1.15.0/STM32CubeIDE/plugins/com.st.stm32cube.ide.mcu.externaltools.gnu-tools-for-stm32.12.3.rel1.win32_1.0.100.202403111256/tools/bin/../lib/gcc/arm-none-eabi/12.3.1/../../../../arm-none-eabi/lib/thumb/v7-m/nofp\libc_nano.a(libc_a-fflush.o)
                0x08004484                __sflush_r
 .text._fflush_r
                0x08004584       0x50 C:/ST/STM32CubeIDE_1.15.0/STM32CubeIDE/plugins/com.st.stm32cube.ide.mcu.externaltools.gnu-tools-for-stm32.12.3.rel1.win32_1.0.100.202403111256/tools/bin/../lib/gcc/arm-none-eabi/12.3.1/../../../../arm-none-eabi/lib/thumb/v7-m/nofp\libc_nano.a(libc_a-fflush.o)
                0x08004584                _fflush_r
 .text.fprintf  0x080045d4       0x24 C:/ST/STM32CubeIDE_1.15.0/STM32CubeIDE/plugins/com.st.stm32cube.ide.mcu.externaltools.gnu-tools-for-stm32.12.3.rel1.win32_1.0.100.202403111256/tools/bin/../lib/gcc/arm-none-eabi/12.3.1/../../../../arm-none-eabi/lib/thumb/v7-m/nofp\libc_nano.a(libc_a-fprintf.o)
                0x080045d4                fiprintf
                0x080045d4                fprintf
 .text._sbrk_r  0x080045f8       0x20 C:/ST/STM32CubeIDE_1.15.0/STM32CubeIDE/plugins/com.st.stm32cube.ide.mcu.externaltools.gnu-tools-for-stm32.12.3.rel1.win32_1.0.100.202403111256/tools/bin/../lib/gcc/arm-none-eabi/12.3.1/../../../../arm-none-eabi/lib/thumb/v7-m/nofp\libc_nano.a(libc_a-sbrkr.o)
                0x080045f8                _sbrk_r
 .text.memchr   0x08004618       0x1c C:/ST/STM32CubeIDE_1.15.0/STM32CubeIDE/plugins/com.st.stm32cube.ide.mcu.externaltools.gnu-tools-for-stm32.12.3.rel1.win32_1.0.100.202403111256/tools/bin/../lib/gcc/arm-none-eabi/12.3.1/../../../../arm-none-eabi/lib/thumb/v7-m/nofp\libc_nano.a(libc_a-memchr-stub.o)
                0x08004618                memchr
 .text.abort    0x08004634        0xe C:/ST/STM32CubeIDE_1.15.0/STM32CubeIDE/plugins/com.st.stm32cube.ide.mcu.externaltools.gnu-tools-for-stm32.12.3.rel1.win32_1.0.100.202403111256/tools/bin/../lib/gcc/arm-none-eabi/12.3.1/../../../../arm-none-eabi/lib/thumb/v7-m/nofp\libc_nano.a(libc_a-abort.o)
                0x08004634                abort
 .text._realloc_r
                0x08004642       0x5c C:/ST/STM32CubeIDE_1.15.0/STM32CubeIDE/plugins/com.st.stm32cube.ide.mcu.externaltools.gnu-tools-for-stm32.12.3.rel1.win32_1.0.100.202403111256/tools/bin/../lib/gcc/arm-none-eabi/12.3.1/../../../../arm-none-eabi/lib/thumb/v7-m/nofp\libc_nano.a(libc_a-reallocr.o)
                0x08004642                _realloc_r
 .text.__sfputc_r
                0x0800469e       0x2a C:/ST/STM32CubeIDE_1.15.0/STM32CubeIDE/plugins/com.st.stm32cube.ide.mcu.externaltools.gnu-tools-for-stm32.12.3.rel1.win32_1.0.100.202403111256/tools/bin/../lib/gcc/arm-none-eabi/12.3.1/../../../../arm-none-eabi/lib/thumb/v7-m/nofp\libc_nano.a(libc_a-nano-vfprintf.o)
 .text.__sfputs_r
                0x080046c8       0x24 C:/ST/STM32CubeIDE_1.15.0/STM32CubeIDE/plugins/com.st.stm32cube.ide.mcu.externaltools.gnu-tools-for-stm32.12.3.rel1.win32_1.0.100.202403111256/tools/bin/../lib/gcc/arm-none-eabi/12.3.1/../../../../arm-none-eabi/lib/thumb/v7-m/nofp\libc_nano.a(libc_a-nano-vfprintf.o)
                0x080046c8                __sfputs_r
 .text._vfprintf_r
                0x080046ec      0x230 C:/ST/STM32CubeIDE_1.15.0/STM32CubeIDE/plugins/com.st.stm32cube.ide.mcu.externaltools.gnu-tools-for-stm32.12.3.rel1.win32_1.0.100.202403111256/tools/bin/../lib/gcc/arm-none-eabi/12.3.1/../../../../arm-none-eabi/lib/thumb/v7-m/nofp\libc_nano.a(libc_a-nano-vfprintf.o)
                0x080046ec                _vfprintf_r
                0x080046ec                _vfiprintf_r
 .text.__swbuf_r
                0x0800491c       0x7c C:/ST/STM32CubeIDE_1.15.0/STM32CubeIDE/plugins/com.st.stm32cube.ide.mcu.externaltools.gnu-tools-for-stm32.12.3.rel1.win32_1.0.100.202403111256/tools/bin/../lib/gcc/arm-none-eabi/12.3.1/../../../../arm-none-eabi/lib/thumb/v7-m/nofp\libc_nano.a(libc_a-wbuf.o)
                0x0800491c                __swbuf_r
 .text.__swsetup_r
                0x08004998       0xac C:/ST/STM32CubeIDE_1.15.0/STM32CubeIDE/plugins/com.st.stm32cube.ide.mcu.externaltools.gnu-tools-for-stm32.12.3.rel1.win32_1.0.100.202403111256/tools/bin/../lib/gcc/arm-none-eabi/12.3.1/../../../../arm-none-eabi/lib/thumb/v7-m/nofp\libc_nano.a(libc_a-wsetup.o)
                0x08004998                __swsetup_r
 .text._raise_r
                0x08004a44       0x50 C:/ST/STM32CubeIDE_1.15.0/STM32CubeIDE/plugins/com.st.stm32cube.ide.mcu.externaltools.gnu-tools-for-stm32.12.3.rel1.win32_1.0.100.202403111256/tools/bin/../lib/gcc/arm-none-eabi/12.3.1/../../../../arm-none-eabi/lib/thumb/v7-m/nofp\libc_nano.a(libc_a-signal.o)
                0x08004a44                _raise_r
 .text.raise    0x08004a94       0x10 C:/ST/STM32CubeIDE_1.15.0/STM32CubeIDE/plugins/com.st.stm32cube.ide.mcu.externaltools.gnu-tools-for-stm32.12.3.rel1.win32_1.0.100.202403111256/tools/bin/../lib/gcc/arm-none-eabi/12.3.1/../../../../arm-none-eabi/lib/thumb/v7-m/nofp\libc_nano.a(libc_a-signal.o)
                0x08004a94                raise
 .text._kill_r  0x08004aa4       0x24 C:/ST/STM32CubeIDE_1.15.0/STM32CubeIDE/plugins/com.st.stm32cube.ide.mcu.externaltools.gnu-tools-for-stm32.12.3.rel1.win32_1.0.100.202403111256/tools/bin/../lib/gcc/arm-none-eabi/12.3.1/../../../../arm-none-eabi/lib/thumb/v7-m/nofp\libc_nano.a(libc_a-signalr.o)
                0x08004aa4                _kill_r
 .text._getpid_r
                0x08004ac8        0x4 C:/ST/STM32CubeIDE_1.15.0/STM32CubeIDE/plugins/com.st.stm32cube.ide.mcu.externaltools.gnu-tools-for-stm32.12.3.rel1.win32_1.0.100.202403111256/tools/bin/../lib/gcc/arm-none-eabi/12.3.1/../../../../arm-none-eabi/lib/thumb/v7-m/nofp\libc_nano.a(libc_a-signalr.o)
                0x08004ac8                _getpid_r
 .text._malloc_usable_size_r
                0x08004acc       0x10 C:/ST/STM32CubeIDE_1.15.0/STM32CubeIDE/plugins/com.st.stm32cube.ide.mcu.externaltools.gnu-tools-for-stm32.12.3.rel1.win32_1.0.100.202403111256/tools/bin/../lib/gcc/arm-none-eabi/12.3.1/../../../../arm-none-eabi/lib/thumb/v7-m/nofp\libc_nano.a(libc_a-msizer.o)
                0x08004acc                _malloc_usable_size_r
 .text.__swhatbuf_r
                0x08004adc       0x4a C:/ST/STM32CubeIDE_1.15.0/STM32CubeIDE/plugins/com.st.stm32cube.ide.mcu.externaltools.gnu-tools-for-stm32.12.3.rel1.win32_1.0.100.202403111256/tools/bin/../lib/gcc/arm-none-eabi/12.3.1/../../../../arm-none-eabi/lib/thumb/v7-m/nofp\libc_nano.a(libc_a-makebuf.o)
                0x08004adc                __swhatbuf_r
 .text.__smakebuf_r
                0x08004b26       0x78 C:/ST/STM32CubeIDE_1.15.0/STM32CubeIDE/plugins/com.st.stm32cube.ide.mcu.externaltools.gnu-tools-for-stm32.12.3.rel1.win32_1.0.100.202403111256/tools/bin/../lib/gcc/arm-none-eabi/12.3.1/../../../../arm-none-eabi/lib/thumb/v7-m/nofp\libc_nano.a(libc_a-makebuf.o)
                0x08004b26                __smakebuf_r
 *fill*         0x08004b9e        0x2 
 .text._fstat_r
                0x08004ba0       0x24 C:/ST/STM32CubeIDE_1.15.0/STM32CubeIDE/plugins/com.st.stm32cube.ide.mcu.externaltools.gnu-tools-for-stm32.12.3.rel1.win32_1.0.100.202403111256/tools/bin/../lib/gcc/arm-none-eabi/12.3.1/../../../../arm-none-eabi/lib/thumb/v7-m/nofp\libc_nano.a(libc_a-fstatr.o)
                0x08004ba0                _fstat_r
 .text._isatty_r
                0x08004bc4       0x20 C:/ST/STM32CubeIDE_1.15.0/STM32CubeIDE/plugins/com.st.stm32cube.ide.mcu.externaltools.gnu-tools-for-stm32.12.3.rel1.win32_1.0.100.202403111256/tools/bin/../lib/gcc/arm-none-eabi/12.3.1/../../../../arm-none-eabi/lib/thumb/v7-m/nofp\libc_nano.a(libc_a-isattyr.o)
                0x08004bc4                _isatty_r
 *(.glue_7)
 .glue_7        0x08004be4        0x0 linker stubs
 *(.glue_7t)
 .glue_7t       0x08004be4        0x0 linker stubs
 *(.eh_frame)
 .eh_frame      0x08004be4        0x0 C:/ST/STM32CubeIDE_1.15.0/STM32CubeIDE/plugins/com.st.stm32cube.ide.mcu.externaltools.gnu-tools-for-stm32.12.3.rel1.win32_1.0.100.202403111256/tools/bin/../lib/gcc/arm-none-eabi/12.3.1/thumb/v7-m/nofp/crtbegin.o
 *(.init)
 .init          0x08004be4        0x4 C:/ST/STM32CubeIDE_1.15.0/STM32CubeIDE/plugins/com.st.stm32cube.ide.mcu.externaltools.gnu-tools-for-stm32.12.3.rel1.win32_1.0.100.202403111256/tools/bin/../lib/gcc/arm-none-eabi/12.3.1/thumb/v7-m/nofp/crti.o
                0x08004be4                _init
 .init          0x08004be8        0x8 C:/ST/STM32CubeIDE_1.15.0/STM32CubeIDE/plugins/com.st.stm32cube.ide.mcu.externaltools.gnu-tools-for-stm32.12.3.rel1.win32_1.0.100.202403111256/tools/bin/../lib/gcc/arm-none-eabi/12.3.1/thumb/v7-m/nofp/crtn.o
 *(.fini)
 .fini          0x08004bf0        0x4 C:/ST/STM32CubeIDE_1.15.0/STM32CubeIDE/plugins/com.st.stm32cube.ide.mcu.externaltools.gnu-tools-for-stm32.12.3.rel1.win32_1.0.100.202403111256/tools/bin/../lib/gcc/arm-none-eabi/12.3.1/thumb/v7-m/nofp/crti.o
                0x08004bf0                _fini
 .fini          0x08004bf4        0x8 C:/ST/STM32CubeIDE_1.15.0/STM32CubeIDE/plugins/com.st.stm32cube.ide.mcu.externaltools.gnu-tools-for-stm32.12.3.rel1.win32_1.0.100.202403111256/tools/bin/../lib/gcc/arm-none-eabi/12.3.1/thumb/v7-m/nofp/crtn.o
                0x08004bfc                        . = ALIGN (0x4)
                0x08004bfc                        _etext = .

.vfp11_veneer   0x08004bfc        0x0
 .vfp11_veneer  0x08004bfc        0x0 linker stubs

.v4_bx          0x08004bfc        0x0
 .v4_bx         0x08004bfc        0x0 linker stubs

.iplt           0x08004bfc        0x0
 .iplt          0x08004bfc        0x0 C:/ST/STM32CubeIDE_1.15.0/STM32CubeIDE/plugins/com.st.stm32cube.ide.mcu.externaltools.gnu-tools-for-stm32.12.3.rel1.win32_1.0.100.202403111256/tools/bin/../lib/gcc/arm-none-eabi/12.3.1/thumb/v7-m/nofp/crtbegin.o

.rodata         0x08004bfc      0xcd8
                0x08004bfc                        . = ALIGN (0x4)
 *(.rodata)
 .rodata        0x08004bfc       0x31 ./Core/Src/main.o
 *(.rodata*)
 *fill*         0x08004c2d        0x3 
 .rodata.trex_up_1s_bitmap
                0x08004c30       0x6c ./Core/Src/main.o
                0x08004c30                trex_up_1s_bitmap
 .rodata.trex_up_1s_mask
                0x08004c9c       0x6c ./Core/Src/main.o
                0x08004c9c                trex_up_1s_mask
 .rodata.trex_up_2s_bitmap
                0x08004d08       0x6c ./Core/Src/main.o
                0x08004d08                trex_up_2s_bitmap
 .rodata.trex_up_2s_mask
                0x08004d74       0x6c ./Core/Src/main.o
                0x08004d74                trex_up_2s_mask
 .rodata.trex_up_3s_bitmap
                0x08004de0       0x6c ./Core/Src/main.o
                0x08004de0                trex_up_3s_bitmap
 .rodata.trex_up_3s_mask
                0x08004e4c       0x6c ./Core/Src/main.o
                0x08004e4c                trex_up_3s_mask
 .rodata.cacti_big_big_bitmap
                0x08004eb8       0x68 ./Core/Src/main.o
                0x08004eb8                cacti_big_big_bitmap
 .rodata.cacti_big_big_mask
                0x08004f20       0x68 ./Core/Src/main.o
                0x08004f20                cacti_big_big_mask
 .rodata.cacti_small_big_bitmap
                0x08004f88       0x68 ./Core/Src/main.o
                0x08004f88                cacti_small_big_bitmap
 .rodata.cacti_small_big_mask
                0x08004ff0       0x68 ./Core/Src/main.o
                0x08004ff0                cacti_small_big_mask
 .rodata.heart_bitmap
                0x08005058        0x8 ./Core/Src/main.o
                0x08005058                heart_bitmap
 .rodata.Font7x10
                0x08005060      0x76c ./Core/Src/ssd1306_fonts.o
 .rodata.Font_7x10
                0x080057cc        0xc ./Core/Src/ssd1306_fonts.o
                0x080057cc                Font_7x10
 .rodata.PLLMulTable
                0x080057d8        0x9 ./Core/Src/system_stm32l1xx.o
                0x080057d8                PLLMulTable
 *fill*         0x080057e1        0x3 
 .rodata.AHBPrescTable
                0x080057e4       0x10 ./Core/Src/system_stm32l1xx.o
                0x080057e4                AHBPrescTable
 .rodata.srand.str1.1
                0x080057f4       0x6f C:/ST/STM32CubeIDE_1.15.0/STM32CubeIDE/plugins/com.st.stm32cube.ide.mcu.externaltools.gnu-tools-for-stm32.12.3.rel1.win32_1.0.100.202403111256/tools/bin/../lib/gcc/arm-none-eabi/12.3.1/../../../../arm-none-eabi/lib/thumb/v7-m/nofp\libc_nano.a(libc_a-rand.o)
 .rodata.__assert_func.str1.1
                0x08005863       0x3c C:/ST/STM32CubeIDE_1.15.0/STM32CubeIDE/plugins/com.st.stm32cube.ide.mcu.externaltools.gnu-tools-for-stm32.12.3.rel1.win32_1.0.100.202403111256/tools/bin/../lib/gcc/arm-none-eabi/12.3.1/../../../../arm-none-eabi/lib/thumb/v7-m/nofp\libc_nano.a(libc_a-assert.o)
                                 0x3d (size before relaxing)
 .rodata._svfprintf_r.str1.1
                0x0800589f       0x11 C:/ST/STM32CubeIDE_1.15.0/STM32CubeIDE/plugins/com.st.stm32cube.ide.mcu.externaltools.gnu-tools-for-stm32.12.3.rel1.win32_1.0.100.202403111256/tools/bin/../lib/gcc/arm-none-eabi/12.3.1/../../../../arm-none-eabi/lib/thumb/v7-m/nofp\libc_nano.a(libc_a-nano-svfprintf.o)
 .rodata._printf_i.str1.1
                0x080058b0       0x22 C:/ST/STM32CubeIDE_1.15.0/STM32CubeIDE/plugins/com.st.stm32cube.ide.mcu.externaltools.gnu-tools-for-stm32.12.3.rel1.win32_1.0.100.202403111256/tools/bin/../lib/gcc/arm-none-eabi/12.3.1/../../../../arm-none-eabi/lib/thumb/v7-m/nofp\libc_nano.a(libc_a-nano-vfprintf_i.o)
 .rodata._vfprintf_r.str1.1
                0x080058d2       0x11 C:/ST/STM32CubeIDE_1.15.0/STM32CubeIDE/plugins/com.st.stm32cube.ide.mcu.externaltools.gnu-tools-for-stm32.12.3.rel1.win32_1.0.100.202403111256/tools/bin/../lib/gcc/arm-none-eabi/12.3.1/../../../../arm-none-eabi/lib/thumb/v7-m/nofp\libc_nano.a(libc_a-nano-vfprintf.o)
                0x080058e4                        . = ALIGN (0x4)
 *fill*         0x080058d2        0x2 

.ARM.extab      0x080058d4        0x0
                0x080058d4                        . = ALIGN (0x4)
 *(.ARM.extab* .gnu.linkonce.armextab.*)
                0x080058d4                        . = ALIGN (0x4)

.ARM            0x080058d4        0x8
                0x080058d4                        . = ALIGN (0x4)
                0x080058d4                        __exidx_start = .
 *(.ARM.exidx*)
 .ARM.exidx     0x080058d4        0x8 C:/ST/STM32CubeIDE_1.15.0/STM32CubeIDE/plugins/com.st.stm32cube.ide.mcu.externaltools.gnu-tools-for-stm32.12.3.rel1.win32_1.0.100.202403111256/tools/bin/../lib/gcc/arm-none-eabi/12.3.1/thumb/v7-m/nofp\libgcc.a(_udivmoddi4.o)
                0x080058dc                        __exidx_end = .
                0x080058dc                        . = ALIGN (0x4)

.preinit_array  0x080058dc        0x0
                0x080058dc                        . = ALIGN (0x4)
                0x080058dc                        PROVIDE (__preinit_array_start = .)
 *(.preinit_array*)
                0x080058dc                        PROVIDE (__preinit_array_end = .)
                0x080058dc                        . = ALIGN (0x4)

.init_array     0x080058dc        0x4
                0x080058dc                        . = ALIGN (0x4)
                0x080058dc                        PROVIDE (__init_array_start = .)
 *(SORT_BY_NAME(.init_array.*))
 *(.init_array*)
 .init_array    0x080058dc        0x4 C:/ST/STM32CubeIDE_1.15.0/STM32CubeIDE/plugins/com.st.stm32cube.ide.mcu.externaltools.gnu-tools-for-stm32.12.3.rel1.win32_1.0.100.202403111256/tools/bin/../lib/gcc/arm-none-eabi/12.3.1/thumb/v7-m/nofp/crtbegin.o
                0x080058e0                        PROVIDE (__init_array_end = .)
                0x080058e0                        . = ALIGN (0x4)

.fini_array     0x080058e0        0x4
                0x080058e0                        . = ALIGN (0x4)
                [!provide]                        PROVIDE (__fini_array_start = .)
 *(SORT_BY_NAME(.fini_array.*))
 *(.fini_array*)
 .fini_array    0x080058e0        0x4 C:/ST/STM32CubeIDE_1.15.0/STM32CubeIDE/plugins/com.st.stm32cube.ide.mcu.externaltools.gnu-tools-for-stm32.12.3.rel1.win32_1.0.100.202403111256/tools/bin/../lib/gcc/arm-none-eabi/12.3.1/thumb/v7-m/nofp/crtbegin.o
                [!provide]                        PROVIDE (__fini_array_end = .)
                0x080058e4                        . = ALIGN (0x4)
                0x080058e4                        _sidata = LOADADDR (.data)

.rel.dyn        0x080058e4        0x0
 .rel.iplt      0x080058e4        0x0 C:/ST/STM32CubeIDE_1.15.0/STM32CubeIDE/plugins/com.st.stm32cube.ide.mcu.externaltools.gnu-tools-for-stm32.12.3.rel1.win32_1.0.100.202403111256/tools/bin/../lib/gcc/arm-none-eabi/12.3.1/thumb/v7-m/nofp/crtbegin.o

.data           0x20000000       0x70 load address 0x080058e4
                0x20000000                        . = ALIGN (0x4)
                0x20000000                        _sdata = .
 *(.data)
 *(.data*)
 .data.g_lives  0x20000000        0x4 ./Core/Src/main.o
                0x20000000                g_lives
 .data.g_target_fps
                0x20000004        0x4 ./Core/Src/main.o
                0x20000004                g_target_fps
 .data.SystemCoreClock
                0x20000008        0x4 ./Core/Src/system_stm32l1xx.o
                0x20000008                SystemCoreClock
 .data.uwTickPrio
                0x2000000c        0x4 ./Drivers/STM32L1xx_HAL_Driver/Src/stm32l1xx_hal.o
                0x2000000c                uwTickPrio
 .data.uwTickFreq
                0x20000010        0x4 ./Drivers/STM32L1xx_HAL_Driver/Src/stm32l1xx_hal.o
                0x20000010                uwTickFreq
 .data.__sglue  0x20000014        0xc C:/ST/STM32CubeIDE_1.15.0/STM32CubeIDE/plugins/com.st.stm32cube.ide.mcu.externaltools.gnu-tools-for-stm32.12.3.rel1.win32_1.0.100.202403111256/tools/bin/../lib/gcc/arm-none-eabi/12.3.1/../../../../arm-none-eabi/lib/thumb/v7-m/nofp\libc_nano.a(libc_a-findfp.o)
                0x20000014                __sglue
 .data._impure_ptr
                0x20000020        0x4 C:/ST/STM32CubeIDE_1.15.0/STM32CubeIDE/plugins/com.st.stm32cube.ide.mcu.externaltools.gnu-tools-for-stm32.12.3.rel1.win32_1.0.100.202403111256/tools/bin/../lib/gcc/arm-none-eabi/12.3.1/../../../../arm-none-eabi/lib/thumb/v7-m/nofp\libc_nano.a(libc_a-impure.o)
                0x20000020                _impure_ptr
 .data._impure_data
                0x20000024       0x4c C:/ST/STM32CubeIDE_1.15.0/STM32CubeIDE/plugins/com.st.stm32cube.ide.mcu.externaltools.gnu-tools-for-stm32.12.3.rel1.win32_1.0.100.202403111256/tools/bin/../lib/gcc/arm-none-eabi/12.3.1/../../../../arm-none-eabi/lib/thumb/v7-m/nofp\libc_nano.a(libc_a-impure.o)
                0x20000024                _impure_data
 *(.RamFunc)
 *(.RamFunc*)
                0x20000070                        . = ALIGN (0x4)
                0x20000070                        _edata = .

.igot.plt       0x20000070        0x0 load address 0x08005954
 .igot.plt      0x20000070        0x0 C:/ST/STM32CubeIDE_1.15.0/STM32CubeIDE/plugins/com.st.stm32cube.ide.mcu.externaltools.gnu-tools-for-stm32.12.3.rel1.win32_1.0.100.202403111256/tools/bin/../lib/gcc/arm-none-eabi/12.3.1/thumb/v7-m/nofp/crtbegin.o
                0x20000070                        . = ALIGN (0x4)

.bss            0x20000070      0x670 load address 0x08005954
                0x20000070                        _sbss = .
                0x20000070                        __bss_start__ = _sbss
 *(.bss)
 .bss           0x20000070       0x1c C:/ST/STM32CubeIDE_1.15.0/STM32CubeIDE/plugins/com.st.stm32cube.ide.mcu.externaltools.gnu-tools-for-stm32.12.3.rel1.win32_1.0.100.202403111256/tools/bin/../lib/gcc/arm-none-eabi/12.3.1/thumb/v7-m/nofp/crtbegin.o
 *(.bss*)
 .bss.g_jump_flag
                0x2000008c        0x1 ./Core/Src/main.o
                0x2000008c                g_jump_flag
 .bss.g_reset_flag
                0x2000008d        0x1 ./Core/Src/main.o
                0x2000008d                g_reset_flag
 *fill*         0x2000008e        0x2 
 .bss.g_last_jump_tick
                0x20000090        0x4 ./Core/Src/main.o
                0x20000090                g_last_jump_tick
 .bss.g_last_reset_tick
                0x20000094        0x4 ./Core/Src/main.o
                0x20000094                g_last_reset_tick
 .bss.g_player  0x20000098       0x14 ./Core/Src/main.o
                0x20000098                g_player
 .bss.g_cactus1
                0x200000ac       0x14 ./Core/Src/main.o
                0x200000ac                g_cactus1
 .bss.g_cactus2
                0x200000c0       0x14 ./Core/Src/main.o
                0x200000c0                g_cactus2
 .bss.g_heart   0x200000d4       0x14 ./Core/Src/main.o
                0x200000d4                g_heart
 .bss.g_gameState
                0x200000e8        0x1 ./Core/Src/main.o
                0x200000e8                g_gameState
 *fill*         0x200000e9        0x3 
 .bss.g_score   0x200000ec        0x4 ./Core/Src/main.o
                0x200000ec                g_score
 .bss.g_hi_score
                0x200000f0        0x4 ./Core/Src/main.o
                0x200000f0                g_hi_score
 .bss.g_game_over
                0x200000f4        0x1 ./Core/Src/main.o
                0x200000f4                g_game_over
 .bss.g_night   0x200000f5        0x1 ./Core/Src/main.o
                0x200000f5                g_night
 *fill*         0x200000f6        0x2 
 .bss.g_is_jumping
                0x200000f8        0x4 ./Core/Src/main.o
                0x200000f8                g_is_jumping
 .bss.g_jump_velocity
                0x200000fc        0x4 ./Core/Src/main.o
                0x200000fc                g_jump_velocity
 .bss.g_ground_scroll
                0x20000100        0x4 ./Core/Src/main.o
                0x20000100                g_ground_scroll
 .bss.g_last_heart_spawn
                0x20000104        0x4 ./Core/Src/main.o
                0x20000104                g_last_heart_spawn
 .bss.g_cycle_count
                0x20000108        0x4 ./Core/Src/main.o
                0x20000108                g_cycle_count
 .bss.cactus1_collided
                0x2000010c        0x1 ./Core/Src/main.o
                0x2000010c                cactus1_collided
 .bss.cactus2_collided
                0x2000010d        0x1 ./Core/Src/main.o
                0x2000010d                cactus2_collided
 *fill*         0x2000010e        0x2 
 .bss.lastGameTick
                0x20000110        0x4 ./Core/Src/main.o
                0x20000110                lastGameTick
 .bss.g_player_last
                0x20000114       0x14 ./Core/Src/main.o
                0x20000114                g_player_last
 .bss.g_cactus1_last
                0x20000128       0x14 ./Core/Src/main.o
                0x20000128                g_cactus1_last
 .bss.g_cactus2_last
                0x2000013c       0x14 ./Core/Src/main.o
                0x2000013c                g_cactus2_last
 .bss.g_heart_last
                0x20000150       0x14 ./Core/Src/main.o
                0x20000150                g_heart_last
 .bss.g_night_last
                0x20000164        0x1 ./Core/Src/main.o
                0x20000164                g_night_last
 *fill*         0x20000165        0x3 
 .bss.last_fps_increase_score.0
                0x20000168        0x4 ./Core/Src/main.o
 .bss.SSD1306_Buffer
                0x2000016c      0x400 ./Core/Src/ssd1306.o
 .bss.SSD1306   0x2000056c        0x6 ./Core/Src/ssd1306.o
 *fill*         0x20000572        0x2 
 .bss.__sbrk_heap_end
                0x20000574        0x4 ./Core/Src/sysmem.o
 .bss.uwTick    0x20000578        0x4 ./Drivers/STM32L1xx_HAL_Driver/Src/stm32l1xx_hal.o
                0x20000578                uwTick
 .bss.pFlash    0x2000057c       0x18 ./Drivers/STM32L1xx_HAL_Driver/Src/stm32l1xx_hal_flash.o
                0x2000057c                pFlash
 .bss.__sf      0x20000594      0x138 C:/ST/STM32CubeIDE_1.15.0/STM32CubeIDE/plugins/com.st.stm32cube.ide.mcu.externaltools.gnu-tools-for-stm32.12.3.rel1.win32_1.0.100.202403111256/tools/bin/../lib/gcc/arm-none-eabi/12.3.1/../../../../arm-none-eabi/lib/thumb/v7-m/nofp\libc_nano.a(libc_a-findfp.o)
                0x20000594                __sf
 .bss.__stdio_exit_handler
                0x200006cc        0x4 C:/ST/STM32CubeIDE_1.15.0/STM32CubeIDE/plugins/com.st.stm32cube.ide.mcu.externaltools.gnu-tools-for-stm32.12.3.rel1.win32_1.0.100.202403111256/tools/bin/../lib/gcc/arm-none-eabi/12.3.1/../../../../arm-none-eabi/lib/thumb/v7-m/nofp\libc_nano.a(libc_a-findfp.o)
                0x200006cc                __stdio_exit_handler
 .bss.errno     0x200006d0        0x4 C:/ST/STM32CubeIDE_1.15.0/STM32CubeIDE/plugins/com.st.stm32cube.ide.mcu.externaltools.gnu-tools-for-stm32.12.3.rel1.win32_1.0.100.202403111256/tools/bin/../lib/gcc/arm-none-eabi/12.3.1/../../../../arm-none-eabi/lib/thumb/v7-m/nofp\libc_nano.a(libc_a-reent.o)
                0x200006d0                errno
 .bss.__lock___malloc_recursive_mutex
                0x200006d4        0x1 C:/ST/STM32CubeIDE_1.15.0/STM32CubeIDE/plugins/com.st.stm32cube.ide.mcu.externaltools.gnu-tools-for-stm32.12.3.rel1.win32_1.0.100.202403111256/tools/bin/../lib/gcc/arm-none-eabi/12.3.1/../../../../arm-none-eabi/lib/thumb/v7-m/nofp\libc_nano.a(libc_a-lock.o)
                0x200006d4                __lock___malloc_recursive_mutex
 .bss.__lock___sfp_recursive_mutex
                0x200006d5        0x1 C:/ST/STM32CubeIDE_1.15.0/STM32CubeIDE/plugins/com.st.stm32cube.ide.mcu.externaltools.gnu-tools-for-stm32.12.3.rel1.win32_1.0.100.202403111256/tools/bin/../lib/gcc/arm-none-eabi/12.3.1/../../../../arm-none-eabi/lib/thumb/v7-m/nofp\libc_nano.a(libc_a-lock.o)
                0x200006d5                __lock___sfp_recursive_mutex
 *fill*         0x200006d6        0x2 
 .bss.__malloc_sbrk_start
                0x200006d8        0x4 C:/ST/STM32CubeIDE_1.15.0/STM32CubeIDE/plugins/com.st.stm32cube.ide.mcu.externaltools.gnu-tools-for-stm32.12.3.rel1.win32_1.0.100.202403111256/tools/bin/../lib/gcc/arm-none-eabi/12.3.1/../../../../arm-none-eabi/lib/thumb/v7-m/nofp\libc_nano.a(libc_a-mallocr.o)
                0x200006d8                __malloc_sbrk_start
 .bss.__malloc_free_list
                0x200006dc        0x4 C:/ST/STM32CubeIDE_1.15.0/STM32CubeIDE/plugins/com.st.stm32cube.ide.mcu.externaltools.gnu-tools-for-stm32.12.3.rel1.win32_1.0.100.202403111256/tools/bin/../lib/gcc/arm-none-eabi/12.3.1/../../../../arm-none-eabi/lib/thumb/v7-m/nofp\libc_nano.a(libc_a-mallocr.o)
                0x200006dc                __malloc_free_list
 *(COMMON)
                0x200006e0                        . = ALIGN (0x4)
                0x200006e0                        _ebss = .
                0x200006e0                        __bss_end__ = _ebss

._user_heap_stack
                0x200006e0      0x600 load address 0x08005954
                0x200006e0                        . = ALIGN (0x8)
                [!provide]                        PROVIDE (end = .)
                0x200006e0                        PROVIDE (_end = .)
                0x200008e0                        . = (. + _Min_Heap_Size)
 *fill*         0x200006e0      0x200 
                0x20000ce0                        . = (. + _Min_Stack_Size)
 *fill*         0x200008e0      0x400 
                0x20000ce0                        . = ALIGN (0x8)

/DISCARD/
 libc.a(*)
 libm.a(*)
 libgcc.a(*)

.ARM.attributes
                0x00000000       0x29
 *(.ARM.attributes)
 .ARM.attributes
                0x00000000       0x1d C:/ST/STM32CubeIDE_1.15.0/STM32CubeIDE/plugins/com.st.stm32cube.ide.mcu.externaltools.gnu-tools-for-stm32.12.3.rel1.win32_1.0.100.202403111256/tools/bin/../lib/gcc/arm-none-eabi/12.3.1/thumb/v7-m/nofp/crti.o
 .ARM.attributes
                0x0000001d       0x2d C:/ST/STM32CubeIDE_1.15.0/STM32CubeIDE/plugins/com.st.stm32cube.ide.mcu.externaltools.gnu-tools-for-stm32.12.3.rel1.win32_1.0.100.202403111256/tools/bin/../lib/gcc/arm-none-eabi/12.3.1/thumb/v7-m/nofp/crtbegin.o
 .ARM.attributes
                0x0000004a       0x2d ./Core/Src/main.o
 .ARM.attributes
                0x00000077       0x2d ./Core/Src/soft_i2c.o
 .ARM.attributes
                0x000000a4       0x2d ./Core/Src/ssd1306.o
 .ARM.attributes
                0x000000d1       0x2d ./Core/Src/ssd1306_fonts.o
 .ARM.attributes
                0x000000fe       0x2d ./Core/Src/stm32l1xx_hal_msp.o
 .ARM.attributes
                0x0000012b       0x2d ./Core/Src/stm32l1xx_it.o
 .ARM.attributes
                0x00000158       0x2d ./Core/Src/syscalls.o
 .ARM.attributes
                0x00000185       0x2d ./Core/Src/sysmem.o
 .ARM.attributes
                0x000001b2       0x2d ./Core/Src/system_stm32l1xx.o
 .ARM.attributes
                0x000001df       0x21 ./Core/Startup/startup_stm32l151c8tx.o
 .ARM.attributes
                0x00000200       0x2d ./Drivers/STM32L1xx_HAL_Driver/Src/stm32l1xx_hal.o
 .ARM.attributes
                0x0000022d       0x2d ./Drivers/STM32L1xx_HAL_Driver/Src/stm32l1xx_hal_cortex.o
 .ARM.attributes
                0x0000025a       0x2d ./Drivers/STM32L1xx_HAL_Driver/Src/stm32l1xx_hal_flash.o
 .ARM.attributes
                0x00000287       0x2d ./Drivers/STM32L1xx_HAL_Driver/Src/stm32l1xx_hal_flash_ex.o
 .ARM.attributes
                0x000002b4       0x2d ./Drivers/STM32L1xx_HAL_Driver/Src/stm32l1xx_hal_gpio.o
 .ARM.attributes
                0x000002e1       0x2d ./Drivers/STM32L1xx_HAL_Driver/Src/stm32l1xx_hal_rcc.o
 .ARM.attributes
                0x0000030e       0x2d C:/ST/STM32CubeIDE_1.15.0/STM32CubeIDE/plugins/com.st.stm32cube.ide.mcu.externaltools.gnu-tools-for-stm32.12.3.rel1.win32_1.0.100.202403111256/tools/bin/../lib/gcc/arm-none-eabi/12.3.1/../../../../arm-none-eabi/lib/thumb/v7-m/nofp\libc_nano.a(libc_a-rand.o)
 .ARM.attributes
                0x0000033b       0x2d C:/ST/STM32CubeIDE_1.15.0/STM32CubeIDE/plugins/com.st.stm32cube.ide.mcu.externaltools.gnu-tools-for-stm32.12.3.rel1.win32_1.0.100.202403111256/tools/bin/../lib/gcc/arm-none-eabi/12.3.1/../../../../arm-none-eabi/lib/thumb/v7-m/nofp\libc_nano.a(libc_a-findfp.o)
 .ARM.attributes
                0x00000368       0x2d C:/ST/STM32CubeIDE_1.15.0/STM32CubeIDE/plugins/com.st.stm32cube.ide.mcu.externaltools.gnu-tools-for-stm32.12.3.rel1.win32_1.0.100.202403111256/tools/bin/../lib/gcc/arm-none-eabi/12.3.1/../../../../arm-none-eabi/lib/thumb/v7-m/nofp\libc_nano.a(libc_a-fwalk.o)
 .ARM.attributes
                0x00000395       0x2d C:/ST/STM32CubeIDE_1.15.0/STM32CubeIDE/plugins/com.st.stm32cube.ide.mcu.externaltools.gnu-tools-for-stm32.12.3.rel1.win32_1.0.100.202403111256/tools/bin/../lib/gcc/arm-none-eabi/12.3.1/../../../../arm-none-eabi/lib/thumb/v7-m/nofp\libc_nano.a(libc_a-sprintf.o)
 .ARM.attributes
                0x000003c2       0x2d C:/ST/STM32CubeIDE_1.15.0/STM32CubeIDE/plugins/com.st.stm32cube.ide.mcu.externaltools.gnu-tools-for-stm32.12.3.rel1.win32_1.0.100.202403111256/tools/bin/../lib/gcc/arm-none-eabi/12.3.1/../../../../arm-none-eabi/lib/thumb/v7-m/nofp\libc_nano.a(libc_a-stdio.o)
 .ARM.attributes
                0x000003ef       0x2d C:/ST/STM32CubeIDE_1.15.0/STM32CubeIDE/plugins/com.st.stm32cube.ide.mcu.externaltools.gnu-tools-for-stm32.12.3.rel1.win32_1.0.100.202403111256/tools/bin/../lib/gcc/arm-none-eabi/12.3.1/../../../../arm-none-eabi/lib/thumb/v7-m/nofp\libc_nano.a(libc_a-memmove.o)
 .ARM.attributes
                0x0000041c       0x2d C:/ST/STM32CubeIDE_1.15.0/STM32CubeIDE/plugins/com.st.stm32cube.ide.mcu.externaltools.gnu-tools-for-stm32.12.3.rel1.win32_1.0.100.202403111256/tools/bin/../lib/gcc/arm-none-eabi/12.3.1/../../../../arm-none-eabi/lib/thumb/v7-m/nofp\libc_nano.a(libc_a-memset.o)
 .ARM.attributes
                0x00000449       0x2d C:/ST/STM32CubeIDE_1.15.0/STM32CubeIDE/plugins/com.st.stm32cube.ide.mcu.externaltools.gnu-tools-for-stm32.12.3.rel1.win32_1.0.100.202403111256/tools/bin/../lib/gcc/arm-none-eabi/12.3.1/../../../../arm-none-eabi/lib/thumb/v7-m/nofp\libc_nano.a(libc_a-closer.o)
 .ARM.attributes
                0x00000476       0x2d C:/ST/STM32CubeIDE_1.15.0/STM32CubeIDE/plugins/com.st.stm32cube.ide.mcu.externaltools.gnu-tools-for-stm32.12.3.rel1.win32_1.0.100.202403111256/tools/bin/../lib/gcc/arm-none-eabi/12.3.1/../../../../arm-none-eabi/lib/thumb/v7-m/nofp\libc_nano.a(libc_a-reent.o)
 .ARM.attributes
                0x000004a3       0x2d C:/ST/STM32CubeIDE_1.15.0/STM32CubeIDE/plugins/com.st.stm32cube.ide.mcu.externaltools.gnu-tools-for-stm32.12.3.rel1.win32_1.0.100.202403111256/tools/bin/../lib/gcc/arm-none-eabi/12.3.1/../../../../arm-none-eabi/lib/thumb/v7-m/nofp\libc_nano.a(libc_a-impure.o)
 .ARM.attributes
                0x000004d0       0x2d C:/ST/STM32CubeIDE_1.15.0/STM32CubeIDE/plugins/com.st.stm32cube.ide.mcu.externaltools.gnu-tools-for-stm32.12.3.rel1.win32_1.0.100.202403111256/tools/bin/../lib/gcc/arm-none-eabi/12.3.1/../../../../arm-none-eabi/lib/thumb/v7-m/nofp\libc_nano.a(libc_a-lseekr.o)
 .ARM.attributes
                0x000004fd       0x2d C:/ST/STM32CubeIDE_1.15.0/STM32CubeIDE/plugins/com.st.stm32cube.ide.mcu.externaltools.gnu-tools-for-stm32.12.3.rel1.win32_1.0.100.202403111256/tools/bin/../lib/gcc/arm-none-eabi/12.3.1/../../../../arm-none-eabi/lib/thumb/v7-m/nofp\libc_nano.a(libc_a-readr.o)
 .ARM.attributes
                0x0000052a       0x2d C:/ST/STM32CubeIDE_1.15.0/STM32CubeIDE/plugins/com.st.stm32cube.ide.mcu.externaltools.gnu-tools-for-stm32.12.3.rel1.win32_1.0.100.202403111256/tools/bin/../lib/gcc/arm-none-eabi/12.3.1/../../../../arm-none-eabi/lib/thumb/v7-m/nofp\libc_nano.a(libc_a-writer.o)
 .ARM.attributes
                0x00000557       0x2d C:/ST/STM32CubeIDE_1.15.0/STM32CubeIDE/plugins/com.st.stm32cube.ide.mcu.externaltools.gnu-tools-for-stm32.12.3.rel1.win32_1.0.100.202403111256/tools/bin/../lib/gcc/arm-none-eabi/12.3.1/../../../../arm-none-eabi/lib/thumb/v7-m/nofp\libc_nano.a(libc_a-errno.o)
 .ARM.attributes
                0x00000584       0x2d C:/ST/STM32CubeIDE_1.15.0/STM32CubeIDE/plugins/com.st.stm32cube.ide.mcu.externaltools.gnu-tools-for-stm32.12.3.rel1.win32_1.0.100.202403111256/tools/bin/../lib/gcc/arm-none-eabi/12.3.1/../../../../arm-none-eabi/lib/thumb/v7-m/nofp\libc_nano.a(libc_a-init.o)
 .ARM.attributes
                0x000005b1       0x2d C:/ST/STM32CubeIDE_1.15.0/STM32CubeIDE/plugins/com.st.stm32cube.ide.mcu.externaltools.gnu-tools-for-stm32.12.3.rel1.win32_1.0.100.202403111256/tools/bin/../lib/gcc/arm-none-eabi/12.3.1/../../../../arm-none-eabi/lib/thumb/v7-m/nofp\libc_nano.a(libc_a-lock.o)
 .ARM.attributes
                0x000005de       0x2d C:/ST/STM32CubeIDE_1.15.0/STM32CubeIDE/plugins/com.st.stm32cube.ide.mcu.externaltools.gnu-tools-for-stm32.12.3.rel1.win32_1.0.100.202403111256/tools/bin/../lib/gcc/arm-none-eabi/12.3.1/../../../../arm-none-eabi/lib/thumb/v7-m/nofp\libc_nano.a(libc_a-memcpy-stub.o)
 .ARM.attributes
                0x0000060b       0x2d C:/ST/STM32CubeIDE_1.15.0/STM32CubeIDE/plugins/com.st.stm32cube.ide.mcu.externaltools.gnu-tools-for-stm32.12.3.rel1.win32_1.0.100.202403111256/tools/bin/../lib/gcc/arm-none-eabi/12.3.1/../../../../arm-none-eabi/lib/thumb/v7-m/nofp\libc_nano.a(libc_a-assert.o)
 .ARM.attributes
                0x00000638       0x2d C:/ST/STM32CubeIDE_1.15.0/STM32CubeIDE/plugins/com.st.stm32cube.ide.mcu.externaltools.gnu-tools-for-stm32.12.3.rel1.win32_1.0.100.202403111256/tools/bin/../lib/gcc/arm-none-eabi/12.3.1/../../../../arm-none-eabi/lib/thumb/v7-m/nofp\libc_nano.a(libc_a-freer.o)
 .ARM.attributes
                0x00000665       0x2d C:/ST/STM32CubeIDE_1.15.0/STM32CubeIDE/plugins/com.st.stm32cube.ide.mcu.externaltools.gnu-tools-for-stm32.12.3.rel1.win32_1.0.100.202403111256/tools/bin/../lib/gcc/arm-none-eabi/12.3.1/../../../../arm-none-eabi/lib/thumb/v7-m/nofp\libc_nano.a(libc_a-malloc.o)
 .ARM.attributes
                0x00000692       0x2d C:/ST/STM32CubeIDE_1.15.0/STM32CubeIDE/plugins/com.st.stm32cube.ide.mcu.externaltools.gnu-tools-for-stm32.12.3.rel1.win32_1.0.100.202403111256/tools/bin/../lib/gcc/arm-none-eabi/12.3.1/../../../../arm-none-eabi/lib/thumb/v7-m/nofp\libc_nano.a(libc_a-mallocr.o)
 .ARM.attributes
                0x000006bf       0x2d C:/ST/STM32CubeIDE_1.15.0/STM32CubeIDE/plugins/com.st.stm32cube.ide.mcu.externaltools.gnu-tools-for-stm32.12.3.rel1.win32_1.0.100.202403111256/tools/bin/../lib/gcc/arm-none-eabi/12.3.1/../../../../arm-none-eabi/lib/thumb/v7-m/nofp\libc_nano.a(libc_a-mlock.o)
 .ARM.attributes
                0x000006ec       0x2d C:/ST/STM32CubeIDE_1.15.0/STM32CubeIDE/plugins/com.st.stm32cube.ide.mcu.externaltools.gnu-tools-for-stm32.12.3.rel1.win32_1.0.100.202403111256/tools/bin/../lib/gcc/arm-none-eabi/12.3.1/../../../../arm-none-eabi/lib/thumb/v7-m/nofp\libc_nano.a(libc_a-nano-svfprintf.o)
 .ARM.attributes
                0x00000719       0x2d C:/ST/STM32CubeIDE_1.15.0/STM32CubeIDE/plugins/com.st.stm32cube.ide.mcu.externaltools.gnu-tools-for-stm32.12.3.rel1.win32_1.0.100.202403111256/tools/bin/../lib/gcc/arm-none-eabi/12.3.1/../../../../arm-none-eabi/lib/thumb/v7-m/nofp\libc_nano.a(libc_a-nano-vfprintf_i.o)
 .ARM.attributes
                0x00000746       0x2d C:/ST/STM32CubeIDE_1.15.0/STM32CubeIDE/plugins/com.st.stm32cube.ide.mcu.externaltools.gnu-tools-for-stm32.12.3.rel1.win32_1.0.100.202403111256/tools/bin/../lib/gcc/arm-none-eabi/12.3.1/../../../../arm-none-eabi/lib/thumb/v7-m/nofp\libc_nano.a(libc_a-fflush.o)
 .ARM.attributes
                0x00000773       0x2d C:/ST/STM32CubeIDE_1.15.0/STM32CubeIDE/plugins/com.st.stm32cube.ide.mcu.externaltools.gnu-tools-for-stm32.12.3.rel1.win32_1.0.100.202403111256/tools/bin/../lib/gcc/arm-none-eabi/12.3.1/../../../../arm-none-eabi/lib/thumb/v7-m/nofp\libc_nano.a(libc_a-fprintf.o)
 .ARM.attributes
                0x000007a0       0x2d C:/ST/STM32CubeIDE_1.15.0/STM32CubeIDE/plugins/com.st.stm32cube.ide.mcu.externaltools.gnu-tools-for-stm32.12.3.rel1.win32_1.0.100.202403111256/tools/bin/../lib/gcc/arm-none-eabi/12.3.1/../../../../arm-none-eabi/lib/thumb/v7-m/nofp\libc_nano.a(libc_a-sbrkr.o)
 .ARM.attributes
                0x000007cd       0x2d C:/ST/STM32CubeIDE_1.15.0/STM32CubeIDE/plugins/com.st.stm32cube.ide.mcu.externaltools.gnu-tools-for-stm32.12.3.rel1.win32_1.0.100.202403111256/tools/bin/../lib/gcc/arm-none-eabi/12.3.1/../../../../arm-none-eabi/lib/thumb/v7-m/nofp\libc_nano.a(libc_a-memchr-stub.o)
 .ARM.attributes
                0x000007fa       0x2d C:/ST/STM32CubeIDE_1.15.0/STM32CubeIDE/plugins/com.st.stm32cube.ide.mcu.externaltools.gnu-tools-for-stm32.12.3.rel1.win32_1.0.100.202403111256/tools/bin/../lib/gcc/arm-none-eabi/12.3.1/../../../../arm-none-eabi/lib/thumb/v7-m/nofp\libc_nano.a(libc_a-abort.o)
 .ARM.attributes
                0x00000827       0x2d C:/ST/STM32CubeIDE_1.15.0/STM32CubeIDE/plugins/com.st.stm32cube.ide.mcu.externaltools.gnu-tools-for-stm32.12.3.rel1.win32_1.0.100.202403111256/tools/bin/../lib/gcc/arm-none-eabi/12.3.1/../../../../arm-none-eabi/lib/thumb/v7-m/nofp\libc_nano.a(libc_a-reallocr.o)
 .ARM.attributes
                0x00000854       0x2d C:/ST/STM32CubeIDE_1.15.0/STM32CubeIDE/plugins/com.st.stm32cube.ide.mcu.externaltools.gnu-tools-for-stm32.12.3.rel1.win32_1.0.100.202403111256/tools/bin/../lib/gcc/arm-none-eabi/12.3.1/../../../../arm-none-eabi/lib/thumb/v7-m/nofp\libc_nano.a(libc_a-nano-vfprintf.o)
 .ARM.attributes
                0x00000881       0x2d C:/ST/STM32CubeIDE_1.15.0/STM32CubeIDE/plugins/com.st.stm32cube.ide.mcu.externaltools.gnu-tools-for-stm32.12.3.rel1.win32_1.0.100.202403111256/tools/bin/../lib/gcc/arm-none-eabi/12.3.1/../../../../arm-none-eabi/lib/thumb/v7-m/nofp\libc_nano.a(libc_a-wbuf.o)
 .ARM.attributes
                0x000008ae       0x2d C:/ST/STM32CubeIDE_1.15.0/STM32CubeIDE/plugins/com.st.stm32cube.ide.mcu.externaltools.gnu-tools-for-stm32.12.3.rel1.win32_1.0.100.202403111256/tools/bin/../lib/gcc/arm-none-eabi/12.3.1/../../../../arm-none-eabi/lib/thumb/v7-m/nofp\libc_nano.a(libc_a-wsetup.o)
 .ARM.attributes
                0x000008db       0x2d C:/ST/STM32CubeIDE_1.15.0/STM32CubeIDE/plugins/com.st.stm32cube.ide.mcu.externaltools.gnu-tools-for-stm32.12.3.rel1.win32_1.0.100.202403111256/tools/bin/../lib/gcc/arm-none-eabi/12.3.1/../../../../arm-none-eabi/lib/thumb/v7-m/nofp\libc_nano.a(libc_a-signal.o)
 .ARM.attributes
                0x00000908       0x2d C:/ST/STM32CubeIDE_1.15.0/STM32CubeIDE/plugins/com.st.stm32cube.ide.mcu.externaltools.gnu-tools-for-stm32.12.3.rel1.win32_1.0.100.202403111256/tools/bin/../lib/gcc/arm-none-eabi/12.3.1/../../../../arm-none-eabi/lib/thumb/v7-m/nofp\libc_nano.a(libc_a-signalr.o)
 .ARM.attributes
                0x00000935       0x2d C:/ST/STM32CubeIDE_1.15.0/STM32CubeIDE/plugins/com.st.stm32cube.ide.mcu.externaltools.gnu-tools-for-stm32.12.3.rel1.win32_1.0.100.202403111256/tools/bin/../lib/gcc/arm-none-eabi/12.3.1/../../../../arm-none-eabi/lib/thumb/v7-m/nofp\libc_nano.a(libc_a-msizer.o)
 .ARM.attributes
                0x00000962       0x2d C:/ST/STM32CubeIDE_1.15.0/STM32CubeIDE/plugins/com.st.stm32cube.ide.mcu.externaltools.gnu-tools-for-stm32.12.3.rel1.win32_1.0.100.202403111256/tools/bin/../lib/gcc/arm-none-eabi/12.3.1/../../../../arm-none-eabi/lib/thumb/v7-m/nofp\libc_nano.a(libc_a-makebuf.o)
 .ARM.attributes
                0x0000098f       0x2d C:/ST/STM32CubeIDE_1.15.0/STM32CubeIDE/plugins/com.st.stm32cube.ide.mcu.externaltools.gnu-tools-for-stm32.12.3.rel1.win32_1.0.100.202403111256/tools/bin/../lib/gcc/arm-none-eabi/12.3.1/../../../../arm-none-eabi/lib/thumb/v7-m/nofp\libc_nano.a(libc_a-fstatr.o)
 .ARM.attributes
                0x000009bc       0x2d C:/ST/STM32CubeIDE_1.15.0/STM32CubeIDE/plugins/com.st.stm32cube.ide.mcu.externaltools.gnu-tools-for-stm32.12.3.rel1.win32_1.0.100.202403111256/tools/bin/../lib/gcc/arm-none-eabi/12.3.1/../../../../arm-none-eabi/lib/thumb/v7-m/nofp\libc_nano.a(libc_a-isattyr.o)
 .ARM.attributes
                0x000009e9       0x1d C:/ST/STM32CubeIDE_1.15.0/STM32CubeIDE/plugins/com.st.stm32cube.ide.mcu.externaltools.gnu-tools-for-stm32.12.3.rel1.win32_1.0.100.202403111256/tools/bin/../lib/gcc/arm-none-eabi/12.3.1/thumb/v7-m/nofp\libgcc.a(_aeabi_uldivmod.o)
 .ARM.attributes
                0x00000a06       0x2d C:/ST/STM32CubeIDE_1.15.0/STM32CubeIDE/plugins/com.st.stm32cube.ide.mcu.externaltools.gnu-tools-for-stm32.12.3.rel1.win32_1.0.100.202403111256/tools/bin/../lib/gcc/arm-none-eabi/12.3.1/thumb/v7-m/nofp\libgcc.a(_udivmoddi4.o)
 .ARM.attributes
                0x00000a33       0x1d C:/ST/STM32CubeIDE_1.15.0/STM32CubeIDE/plugins/com.st.stm32cube.ide.mcu.externaltools.gnu-tools-for-stm32.12.3.rel1.win32_1.0.100.202403111256/tools/bin/../lib/gcc/arm-none-eabi/12.3.1/thumb/v7-m/nofp\libgcc.a(_dvmd_tls.o)
 .ARM.attributes
                0x00000a50       0x1d C:/ST/STM32CubeIDE_1.15.0/STM32CubeIDE/plugins/com.st.stm32cube.ide.mcu.externaltools.gnu-tools-for-stm32.12.3.rel1.win32_1.0.100.202403111256/tools/bin/../lib/gcc/arm-none-eabi/12.3.1/thumb/v7-m/nofp/crtn.o
OUTPUT(testevent.elf elf32-littlearm)
LOAD linker stubs
LOAD C:/ST/STM32CubeIDE_1.15.0/STM32CubeIDE/plugins/com.st.stm32cube.ide.mcu.externaltools.gnu-tools-for-stm32.12.3.rel1.win32_1.0.100.202403111256/tools/bin/../lib/gcc/arm-none-eabi/12.3.1/../../../../arm-none-eabi/lib/thumb/v7-m/nofp\libc.a
LOAD C:/ST/STM32CubeIDE_1.15.0/STM32CubeIDE/plugins/com.st.stm32cube.ide.mcu.externaltools.gnu-tools-for-stm32.12.3.rel1.win32_1.0.100.202403111256/tools/bin/../lib/gcc/arm-none-eabi/12.3.1/../../../../arm-none-eabi/lib/thumb/v7-m/nofp\libm.a
LOAD C:/ST/STM32CubeIDE_1.15.0/STM32CubeIDE/plugins/com.st.stm32cube.ide.mcu.externaltools.gnu-tools-for-stm32.12.3.rel1.win32_1.0.100.202403111256/tools/bin/../lib/gcc/arm-none-eabi/12.3.1/thumb/v7-m/nofp\libgcc.a

.debug_info     0x00000000     0x6732
 .debug_info    0x00000000     0x13fa ./Core/Src/main.o
 .debug_info    0x000013fa      0x492 ./Core/Src/soft_i2c.o
 .debug_info    0x0000188c      0xdf8 ./Core/Src/ssd1306.o
 .debug_info    0x00002684      0x2a4 ./Core/Src/ssd1306_fonts.o
 .debug_info    0x00002928      0x1b4 ./Core/Src/stm32l1xx_hal_msp.o
 .debug_info    0x00002adc      0x15c ./Core/Src/stm32l1xx_it.o
 .debug_info    0x00002c38      0x6a3 ./Core/Src/syscalls.o
 .debug_info    0x000032db      0x168 ./Core/Src/sysmem.o
 .debug_info    0x00003443      0x27c ./Core/Src/system_stm32l1xx.o
 .debug_info    0x000036bf       0x30 ./Core/Startup/startup_stm32l151c8tx.o
 .debug_info    0x000036ef      0x6ad ./Drivers/STM32L1xx_HAL_Driver/Src/stm32l1xx_hal.o
 .debug_info    0x00003d9c      0xca3 ./Drivers/STM32L1xx_HAL_Driver/Src/stm32l1xx_hal_cortex.o
 .debug_info    0x00004a3f      0x420 ./Drivers/STM32L1xx_HAL_Driver/Src/stm32l1xx_hal_flash.o
 .debug_info    0x00004e5f      0x9e8 ./Drivers/STM32L1xx_HAL_Driver/Src/stm32l1xx_hal_flash_ex.o
 .debug_info    0x00005847      0x5a6 ./Drivers/STM32L1xx_HAL_Driver/Src/stm32l1xx_hal_gpio.o
 .debug_info    0x00005ded      0x945 ./Drivers/STM32L1xx_HAL_Driver/Src/stm32l1xx_hal_rcc.o

.debug_abbrev   0x00000000     0x1cf5
 .debug_abbrev  0x00000000      0x31a ./Core/Src/main.o
 .debug_abbrev  0x0000031a      0x21c ./Core/Src/soft_i2c.o
 .debug_abbrev  0x00000536      0x30f ./Core/Src/ssd1306.o
 .debug_abbrev  0x00000845       0xcf ./Core/Src/ssd1306_fonts.o
 .debug_abbrev  0x00000914       0xc6 ./Core/Src/stm32l1xx_hal_msp.o
 .debug_abbrev  0x000009da       0xa0 ./Core/Src/stm32l1xx_it.o
 .debug_abbrev  0x00000a7a      0x1b6 ./Core/Src/syscalls.o
 .debug_abbrev  0x00000c30       0xbc ./Core/Src/sysmem.o
 .debug_abbrev  0x00000cec      0x11c ./Core/Src/system_stm32l1xx.o
 .debug_abbrev  0x00000e08       0x24 ./Core/Startup/startup_stm32l151c8tx.o
 .debug_abbrev  0x00000e2c      0x275 ./Drivers/STM32L1xx_HAL_Driver/Src/stm32l1xx_hal.o
 .debug_abbrev  0x000010a1      0x31c ./Drivers/STM32L1xx_HAL_Driver/Src/stm32l1xx_hal_cortex.o
 .debug_abbrev  0x000013bd      0x231 ./Drivers/STM32L1xx_HAL_Driver/Src/stm32l1xx_hal_flash.o
 .debug_abbrev  0x000015ee      0x27b ./Drivers/STM32L1xx_HAL_Driver/Src/stm32l1xx_hal_flash_ex.o
 .debug_abbrev  0x00001869      0x1d4 ./Drivers/STM32L1xx_HAL_Driver/Src/stm32l1xx_hal_gpio.o
 .debug_abbrev  0x00001a3d      0x2b8 ./Drivers/STM32L1xx_HAL_Driver/Src/stm32l1xx_hal_rcc.o

.debug_aranges  0x00000000      0x820
 .debug_aranges
                0x00000000       0xa8 ./Core/Src/main.o
 .debug_aranges
                0x000000a8       0x78 ./Core/Src/soft_i2c.o
 .debug_aranges
                0x00000120       0xf0 ./Core/Src/ssd1306.o
 .debug_aranges
                0x00000210       0x18 ./Core/Src/ssd1306_fonts.o
 .debug_aranges
                0x00000228       0x20 ./Core/Src/stm32l1xx_hal_msp.o
 .debug_aranges
                0x00000248       0x70 ./Core/Src/stm32l1xx_it.o
 .debug_aranges
                0x000002b8       0xa8 ./Core/Src/syscalls.o
 .debug_aranges
                0x00000360       0x20 ./Core/Src/sysmem.o
 .debug_aranges
                0x00000380       0x28 ./Core/Src/system_stm32l1xx.o
 .debug_aranges
                0x000003a8       0x28 ./Core/Startup/startup_stm32l151c8tx.o
 .debug_aranges
                0x000003d0       0xe0 ./Drivers/STM32L1xx_HAL_Driver/Src/stm32l1xx_hal.o
 .debug_aranges
                0x000004b0      0x128 ./Drivers/STM32L1xx_HAL_Driver/Src/stm32l1xx_hal_cortex.o
 .debug_aranges
                0x000005d8       0x80 ./Drivers/STM32L1xx_HAL_Driver/Src/stm32l1xx_hal_flash.o
 .debug_aranges
                0x00000658       0xe0 ./Drivers/STM32L1xx_HAL_Driver/Src/stm32l1xx_hal_flash_ex.o
 .debug_aranges
                0x00000738       0x58 ./Drivers/STM32L1xx_HAL_Driver/Src/stm32l1xx_hal_gpio.o
 .debug_aranges
                0x00000790       0x90 ./Drivers/STM32L1xx_HAL_Driver/Src/stm32l1xx_hal_rcc.o

.debug_rnglists
                0x00000000      0x5e8
 .debug_rnglists
                0x00000000       0x83 ./Core/Src/main.o
 .debug_rnglists
                0x00000083       0x55 ./Core/Src/soft_i2c.o
 .debug_rnglists
                0x000000d8       0xbb ./Core/Src/ssd1306.o
 .debug_rnglists
                0x00000193       0x13 ./Core/Src/stm32l1xx_hal_msp.o
 .debug_rnglists
                0x000001a6       0x4f ./Core/Src/stm32l1xx_it.o
 .debug_rnglists
                0x000001f5       0x79 ./Core/Src/syscalls.o
 .debug_rnglists
                0x0000026e       0x13 ./Core/Src/sysmem.o
 .debug_rnglists
                0x00000281       0x1a ./Core/Src/system_stm32l1xx.o
 .debug_rnglists
                0x0000029b       0x19 ./Core/Startup/startup_stm32l151c8tx.o
 .debug_rnglists
                0x000002b4       0xa3 ./Drivers/STM32L1xx_HAL_Driver/Src/stm32l1xx_hal.o
 .debug_rnglists
                0x00000357       0xd9 ./Drivers/STM32L1xx_HAL_Driver/Src/stm32l1xx_hal_cortex.o
 .debug_rnglists
                0x00000430       0x5e ./Drivers/STM32L1xx_HAL_Driver/Src/stm32l1xx_hal_flash.o
 .debug_rnglists
                0x0000048e       0xae ./Drivers/STM32L1xx_HAL_Driver/Src/stm32l1xx_hal_flash_ex.o
 .debug_rnglists
                0x0000053c       0x3f ./Drivers/STM32L1xx_HAL_Driver/Src/stm32l1xx_hal_gpio.o
 .debug_rnglists
                0x0000057b       0x6d ./Drivers/STM32L1xx_HAL_Driver/Src/stm32l1xx_hal_rcc.o

.debug_macro    0x00000000    0x14630
 .debug_macro   0x00000000      0x379 ./Core/Src/main.o
 .debug_macro   0x00000379      0xaa8 ./Core/Src/main.o
 .debug_macro   0x00000e21      0x103 ./Core/Src/main.o
 .debug_macro   0x00000f24       0x2e ./Core/Src/main.o
 .debug_macro   0x00000f52       0x22 ./Core/Src/main.o
 .debug_macro   0x00000f74       0x22 ./Core/Src/main.o
 .debug_macro   0x00000f96       0x8e ./Core/Src/main.o
 .debug_macro   0x00001024       0x51 ./Core/Src/main.o
 .debug_macro   0x00001075      0x103 ./Core/Src/main.o
 .debug_macro   0x00001178       0x6a ./Core/Src/main.o
 .debug_macro   0x000011e2      0x1df ./Core/Src/main.o
 .debug_macro   0x000013c1       0x1c ./Core/Src/main.o
 .debug_macro   0x000013dd       0x22 ./Core/Src/main.o
 .debug_macro   0x000013ff       0xbd ./Core/Src/main.o
 .debug_macro   0x000014bc      0xe49 ./Core/Src/main.o
 .debug_macro   0x00002305      0x11f ./Core/Src/main.o
 .debug_macro   0x00002424     0x9b46 ./Core/Src/main.o
 .debug_macro   0x0000bf6a       0x6d ./Core/Src/main.o
 .debug_macro   0x0000bfd7     0x34e1 ./Core/Src/main.o
 .debug_macro   0x0000f4b8      0x189 ./Core/Src/main.o
 .debug_macro   0x0000f641       0x5b ./Core/Src/main.o
 .debug_macro   0x0000f69c      0xe37 ./Core/Src/main.o
 .debug_macro   0x000104d3       0x5c ./Core/Src/main.o
 .debug_macro   0x0001052f      0x1b8 ./Core/Src/main.o
 .debug_macro   0x000106e7       0xa7 ./Core/Src/main.o
 .debug_macro   0x0001078e      0x21e ./Core/Src/main.o
 .debug_macro   0x000109ac      0x236 ./Core/Src/main.o
 .debug_macro   0x00010be2      0x10e ./Core/Src/main.o
 .debug_macro   0x00010cf0      0x281 ./Core/Src/main.o
 .debug_macro   0x00010f71      0x1e9 ./Core/Src/main.o
 .debug_macro   0x0001115a       0x22 ./Core/Src/main.o
 .debug_macro   0x0001117c      0x15c ./Core/Src/main.o
 .debug_macro   0x000112d8      0x3ce ./Core/Src/main.o
 .debug_macro   0x000116a6       0x61 ./Core/Src/main.o
 .debug_macro   0x00011707       0x24 ./Core/Src/main.o
 .debug_macro   0x0001172b       0x43 ./Core/Src/main.o
 .debug_macro   0x0001176e       0x34 ./Core/Src/main.o
 .debug_macro   0x000117a2       0x52 ./Core/Src/main.o
 .debug_macro   0x000117f4       0x47 ./Core/Src/main.o
 .debug_macro   0x0001183b       0x1c ./Core/Src/main.o
 .debug_macro   0x00011857       0x16 ./Core/Src/main.o
 .debug_macro   0x0001186d       0x35 ./Core/Src/main.o
 .debug_macro   0x000118a2       0x16 ./Core/Src/main.o
 .debug_macro   0x000118b8       0x43 ./Core/Src/main.o
 .debug_macro   0x000118fb       0x34 ./Core/Src/main.o
 .debug_macro   0x0001192f       0x10 ./Core/Src/main.o
 .debug_macro   0x0001193f       0x58 ./Core/Src/main.o
 .debug_macro   0x00011997       0x8e ./Core/Src/main.o
 .debug_macro   0x00011a25       0x1c ./Core/Src/main.o
 .debug_macro   0x00011a41      0x177 ./Core/Src/main.o
 .debug_macro   0x00011bb8      0x369 ./Core/Src/main.o
 .debug_macro   0x00011f21       0x16 ./Core/Src/main.o
 .debug_macro   0x00011f37       0x29 ./Core/Src/main.o
 .debug_macro   0x00011f60       0x1c ./Core/Src/main.o
 .debug_macro   0x00011f7c       0x10 ./Core/Src/main.o
 .debug_macro   0x00011f8c       0x1c ./Core/Src/main.o
 .debug_macro   0x00011fa8       0x16 ./Core/Src/main.o
 .debug_macro   0x00011fbe      0x146 ./Core/Src/main.o
 .debug_macro   0x00012104       0x16 ./Core/Src/main.o
 .debug_macro   0x0001211a       0x20 ./Core/Src/main.o
 .debug_macro   0x0001213a       0x22 ./Core/Src/main.o
 .debug_macro   0x0001215c      0x1a0 ./Core/Src/soft_i2c.o
 .debug_macro   0x000122fc       0x16 ./Core/Src/soft_i2c.o
 .debug_macro   0x00012312      0x2c5 ./Core/Src/ssd1306.o
 .debug_macro   0x000125d7       0x28 ./Core/Src/ssd1306.o
 .debug_macro   0x000125ff      0x19b ./Core/Src/ssd1306.o
 .debug_macro   0x0001279a      0x1e7 ./Core/Src/ssd1306_fonts.o
 .debug_macro   0x00012981      0x19b ./Core/Src/stm32l1xx_hal_msp.o
 .debug_macro   0x00012b1c      0x1a5 ./Core/Src/stm32l1xx_it.o
 .debug_macro   0x00012cc1      0x274 ./Core/Src/syscalls.o
 .debug_macro   0x00012f35       0x10 ./Core/Src/syscalls.o
 .debug_macro   0x00012f45       0x10 ./Core/Src/syscalls.o
 .debug_macro   0x00012f55       0x10 ./Core/Src/syscalls.o
 .debug_macro   0x00012f65       0x10 ./Core/Src/syscalls.o
 .debug_macro   0x00012f75       0x1c ./Core/Src/syscalls.o
 .debug_macro   0x00012f91       0x52 ./Core/Src/syscalls.o
 .debug_macro   0x00012fe3       0x22 ./Core/Src/syscalls.o
 .debug_macro   0x00013005       0x10 ./Core/Src/syscalls.o
 .debug_macro   0x00013015       0x52 ./Core/Src/syscalls.o
 .debug_macro   0x00013067       0xcf ./Core/Src/syscalls.o
 .debug_macro   0x00013136       0x1c ./Core/Src/syscalls.o
 .debug_macro   0x00013152       0x3d ./Core/Src/syscalls.o
 .debug_macro   0x0001318f       0x35 ./Core/Src/syscalls.o
 .debug_macro   0x000131c4      0x12c ./Core/Src/syscalls.o
 .debug_macro   0x000132f0       0x10 ./Core/Src/syscalls.o
 .debug_macro   0x00013300      0x242 ./Core/Src/syscalls.o
 .debug_macro   0x00013542       0x10 ./Core/Src/syscalls.o
 .debug_macro   0x00013552      0x18a ./Core/Src/syscalls.o
 .debug_macro   0x000136dc       0x16 ./Core/Src/syscalls.o
 .debug_macro   0x000136f2       0xce ./Core/Src/syscalls.o
 .debug_macro   0x000137c0       0xff ./Core/Src/sysmem.o
 .debug_macro   0x000138bf      0x23c ./Core/Src/sysmem.o
 .debug_macro   0x00013afb      0x191 ./Core/Src/system_stm32l1xx.o
 .debug_macro   0x00013c8c      0x1b5 ./Drivers/STM32L1xx_HAL_Driver/Src/stm32l1xx_hal.o
 .debug_macro   0x00013e41      0x191 ./Drivers/STM32L1xx_HAL_Driver/Src/stm32l1xx_hal_cortex.o
 .debug_macro   0x00013fd2      0x192 ./Drivers/STM32L1xx_HAL_Driver/Src/stm32l1xx_hal_flash.o
 .debug_macro   0x00014164      0x191 ./Drivers/STM32L1xx_HAL_Driver/Src/stm32l1xx_hal_flash_ex.o
 .debug_macro   0x000142f5      0x198 ./Drivers/STM32L1xx_HAL_Driver/Src/stm32l1xx_hal_gpio.o
 .debug_macro   0x0001448d      0x1a3 ./Drivers/STM32L1xx_HAL_Driver/Src/stm32l1xx_hal_rcc.o

.debug_line     0x00000000     0xa1a5
 .debug_line    0x00000000     0x12e9 ./Core/Src/main.o
 .debug_line    0x000012e9      0x8ad ./Core/Src/soft_i2c.o
 .debug_line    0x00001b96     0x1250 ./Core/Src/ssd1306.o
 .debug_line    0x00002de6      0x7ed ./Core/Src/ssd1306_fonts.o
 .debug_line    0x000035d3      0x6ec ./Core/Src/stm32l1xx_hal_msp.o
 .debug_line    0x00003cbf      0x7de ./Core/Src/stm32l1xx_it.o
 .debug_line    0x0000449d      0x8b2 ./Core/Src/syscalls.o
 .debug_line    0x00004d4f      0x583 ./Core/Src/sysmem.o
 .debug_line    0x000052d2      0x78c ./Core/Src/system_stm32l1xx.o
 .debug_line    0x00005a5e       0x79 ./Core/Startup/startup_stm32l151c8tx.o
 .debug_line    0x00005ad7      0x9af ./Drivers/STM32L1xx_HAL_Driver/Src/stm32l1xx_hal.o
 .debug_line    0x00006486      0xca4 ./Drivers/STM32L1xx_HAL_Driver/Src/stm32l1xx_hal_cortex.o
 .debug_line    0x0000712a      0x9f0 ./Drivers/STM32L1xx_HAL_Driver/Src/stm32l1xx_hal_flash.o
 .debug_line    0x00007b1a      0xdd6 ./Drivers/STM32L1xx_HAL_Driver/Src/stm32l1xx_hal_flash_ex.o
 .debug_line    0x000088f0      0x9ff ./Drivers/STM32L1xx_HAL_Driver/Src/stm32l1xx_hal_gpio.o
 .debug_line    0x000092ef      0xeb6 ./Drivers/STM32L1xx_HAL_Driver/Src/stm32l1xx_hal_rcc.o

.debug_str      0x00000000    0x77128
 .debug_str     0x00000000    0x73284 ./Core/Src/main.o
                              0x73560 (size before relaxing)
 .debug_str     0x00073284       0xc0 ./Core/Src/soft_i2c.o
                              0x6ee11 (size before relaxing)
 .debug_str     0x00073344      0xb6c ./Core/Src/ssd1306.o
                              0x72ddb (size before relaxing)
 .debug_str     0x00073eb0       0x8a ./Core/Src/ssd1306_fonts.o
                              0x6f24a (size before relaxing)
 .debug_str     0x00073f3a       0x2c ./Core/Src/stm32l1xx_hal_msp.o
                              0x6ec49 (size before relaxing)
 .debug_str     0x00073f66      0x108 ./Core/Src/stm32l1xx_it.o
                              0x6ecb9 (size before relaxing)
 .debug_str     0x0007406e     0x1fd1 ./Core/Src/syscalls.o
                               0x985c (size before relaxing)
 .debug_str     0x0007603f       0x6b ./Core/Src/sysmem.o
                               0x6074 (size before relaxing)
 .debug_str     0x000760aa       0x99 ./Core/Src/system_stm32l1xx.o
                              0x6ecb7 (size before relaxing)
 .debug_str     0x00076143       0x44 ./Core/Startup/startup_stm32l151c8tx.o
                                 0x7f (size before relaxing)
 .debug_str     0x00076187      0x300 ./Drivers/STM32L1xx_HAL_Driver/Src/stm32l1xx_hal.o
                              0x6f33f (size before relaxing)
 .debug_str     0x00076487      0x3fa ./Drivers/STM32L1xx_HAL_Driver/Src/stm32l1xx_hal_cortex.o
                              0x6f44b (size before relaxing)
 .debug_str     0x00076881      0x24b ./Drivers/STM32L1xx_HAL_Driver/Src/stm32l1xx_hal_flash.o
                              0x6ee9b (size before relaxing)