17:02:24 **** Build of configuration Debug for project bare_metal ****
make -j12 all 
arm-none-eabi-gcc -mcpu=cortex-m3 -g3 -DDEBUG -c -x assembler-with-cpp -MMD -MP -MF"Startup/startup_stm32l151c8tx.d" -MT"Startup/startup_stm32l151c8tx.o" --specs=nano.specs -mfloat-abi=soft -mthumb -o "Startup/startup_stm32l151c8tx.o" "../Startup/startup_stm32l151c8tx.s"
arm-none-eabi-gcc "../Src/main.c" -mcpu=cortex-m3 -std=gnu11 -g3 -DDEBUG -DSTM32L1 -DSTM32 -DSTM32L151C8Tx -c -I../Inc -O0 -ffunction-sections -fdata-sections -Wall -fstack-usage -fcyclomatic-complexity -MMD -MP -MF"Src/main.d" -MT"Src/main.o" --specs=nano.specs -mfloat-abi=soft -mthumb -o "Src/main.o"
arm-none-eabi-gcc "../Src/syscalls.c" -mcpu=cortex-m3 -std=gnu11 -g3 -DDEBUG -DSTM32L1 -DSTM32 -DSTM32L151C8Tx -c -I../Inc -O0 -ffunction-sections -fdata-sections -Wall -fstack-usage -fcyclomatic-complexity -MMD -MP -MF"Src/syscalls.d" -MT"Src/syscalls.o" --specs=nano.specs -mfloat-abi=soft -mthumb -o "Src/syscalls.o"
arm-none-eabi-gcc "../Src/sysmem.c" -mcpu=cortex-m3 -std=gnu11 -g3 -DDEBUG -DSTM32L1 -DSTM32 -DSTM32L151C8Tx -c -I../Inc -O0 -ffunction-sections -fdata-sections -Wall -fstack-usage -fcyclomatic-complexity -MMD -MP -MF"Src/sysmem.d" -MT"Src/sysmem.o" --specs=nano.specs -mfloat-abi=soft -mthumb -o "Src/sysmem.o"
arm-none-eabi-gcc -o "bare_metal.elf" @"objects.list"   -mcpu=cortex-m3 -T"D:\STM32\STM32Cubeide_prj\workspace_1.15.0\bare_metal\STM32L151C8TX_FLASH.ld" --specs=nosys.specs -Wl,-Map="bare_metal.map" -Wl,--gc-sections -static --specs=nano.specs -mfloat-abi=soft -mthumb -Wl,--start-group -lc -lm -Wl,--end-group
Finished building target: bare_metal.elf
 
arm-none-eabi-size  bare_metal.elf 
arm-none-eabi-objdump -h -S bare_metal.elf  > "bare_metal.list"
   text	   data	    bss	    dec	    hex	filename
    552	      0	   1568	   2120	    848	bare_metal.elf
Finished building: default.size.stdout
 
Finished building: bare_metal.list
 

17:02:26 Build Finished. 0 errors, 0 warnings. (took 1s.703ms)

