16:52:52 **** Build of configuration Debug for project ds3231 ****
make -j12 all 
arm-none-eabi-gcc "../Core/Src/main.c" -mcpu=cortex-m3 -std=gnu11 -g3 -DDEBUG -DUSE_HAL_DRIVER -DSTM32F103xB -c -I../Core/Inc -I../Drivers/STM32F1xx_HAL_Driver/Inc/Legacy -I../Drivers/STM32F1xx_HAL_Driver/Inc -I../Drivers/CMSIS/Device/ST/STM32F1xx/Include -I../Drivers/CMSIS/Include -O0 -ffunction-sections -fdata-sections -Wall -fstack-usage -fcyclomatic-complexity -MMD -MP -MF"Core/Src/main.d" -MT"Core/Src/main.o" --specs=nano.specs -mfloat-abi=soft -mthumb -o "Core/Src/main.o"
arm-none-eabi-gcc -o "ds3231.elf" @"objects.list"   -mcpu=cortex-m3 -T"D:\workspace_1.15.0\ds3231\STM32F103C8TX_FLASH.ld" --specs=nosys.specs -Wl,-Map="ds3231.map" -Wl,--gc-sections -static --specs=nano.specs -mfloat-abi=soft -mthumb -u _printf_float -Wl,--start-group -lc -lm -Wl,--end-group
Finished building target: ds3231.elf
 
arm-none-eabi-size  ds3231.elf 
arm-none-eabi-objdump -h -S ds3231.elf  > "ds3231.list"
   text	   data	    bss	    dec	    hex	filename
  25880	    468	   2012	  28360	   6ec8	ds3231.elf
Finished building: default.size.stdout
 
Finished building: ds3231.list
 

16:52:53 Build Finished. 0 errors, 0 warnings. (took 905ms)

