14:29:06 **** Incremental Build of configuration Debug for project testevent ****
make -j12 all 
arm-none-eabi-size  testevent.elf 
   text	   data	    bss	    dec	    hex	filename
  22368	    112	   3184	  25664	   6440	testevent.elf
Finished building: default.size.stdout
 
14:29:08 **** Incremental Build of configuration Debug for project testevent ****
make -j12 all 
arm-none-eabi-size  testevent.elf 
   text	   data	    bss	    dec	    hex	filename
  22368	    112	   3184	  25664	   6440	testevent.elf
Finished building: default.size.stdout
 
