16:52:50 **** Build of configuration Debug for project HCSR04 ****
make -j12 all 
arm-none-eabi-gcc -o "HCSR04.elf" @"objects.list"   -mcpu=cortex-m3 -T"D:\workspace_1.15.0\HCSR04\STM32F103C8TX_FLASH.ld" --specs=nosys.specs -Wl,-Map="HCSR04.map" -Wl,--gc-sections -static --specs=nano.specs -mfloat-abi=soft -mthumb -Wl,--start-group -lc -lm -Wl,--end-group
Finished building target: HCSR04.elf
 
arm-none-eabi-size  HCSR04.elf 
arm-none-eabi-objdump -h -S HCSR04.elf  > "HCSR04.list"
   text	   data	    bss	    dec	    hex	filename
  13444	     12	   1740	  15196	   3b5c	HCSR04.elf
Finished building: default.size.stdout
 
Finished building: HCSR04.list
 

16:52:50 Build Finished. 0 errors, 0 warnings. (took 548ms)

