16:30:32 **** Incremental Build of configuration Debug for project HCSR04_PWidth_F103 ****
make -j12 all 
arm-none-eabi-gcc "../Core/Src/main.c" -mcpu=cortex-m3 -std=gnu11 -g3 -DUSE_HAL_DRIVER -DSTM32F103xB -DDEBUG -c -I../Drivers/CMSIS/Device/ST/STM32F1xx/Include -I../Drivers/CMSIS/Include -I../Core/Inc -I../Drivers/STM32F1xx_HAL_Driver/Inc/Legacy -I../Drivers/STM32F1xx_HAL_Driver/Inc -O0 -ffunction-sections -fdata-sections -Wall -fstack-usage -fcyclomatic-complexity -MMD -MP -MF"Core/Src/main.d" -MT"Core/Src/main.o" --specs=nano.specs -mfloat-abi=soft -mthumb -o "Core/Src/main.o"
arm-none-eabi-gcc -o "HCSR04_PWidth_F103.elf" @"objects.list"   -mcpu=cortex-m3 -T"C:\Users\Admin\Desktop\HCSR04_PWidth_F103\STM32F103C8TX_FLASH.ld" --specs=nosys.specs -Wl,-Map="HCSR04_PWidth_F103.map" -Wl,--gc-sections -static --specs=nano.specs -mfloat-abi=soft -mthumb -Wl,--start-group -lc -lm -Wl,--end-group
C:/ST/STM32CubeIDE_1.15.0/STM32CubeIDE/plugins/com.st.stm32cube.ide.mcu.externaltools.gnu-tools-for-stm32.12.3.rel1.win32_1.0.100.202403111256/tools/bin/../lib/gcc/arm-none-eabi/12.3.1/../../../../arm-none-eabi/bin/ld.exe: warning: HCSR04_PWidth_F103.elf has a LOAD segment with RWX permissions
Finished building target: HCSR04_PWidth_F103.elf
 
arm-none-eabi-size  HCSR04_PWidth_F103.elf 
arm-none-eabi-objdump -h -S HCSR04_PWidth_F103.elf  > "HCSR04_PWidth_F103.list"
   text	   data	    bss	    dec	    hex	filename
  12868	     20	   1732	  14620	   391c	HCSR04_PWidth_F103.elf
Finished building: default.size.stdout
 
Finished building: HCSR04_PWidth_F103.list
 

16:30:32 Build Finished. 0 errors, 1 warnings. (took 549ms)

