22:05:25 **** Incremental Build of configuration Debug for project IR_sensor ****
make -j12 all 
arm-none-eabi-gcc "../Core/Src/main.c" -mcpu=cortex-m3 -std=gnu11 -g3 -DDEBUG -DUSE_HAL_DRIVER -DSTM32F103xB -c -I../Core/Inc -I../Drivers/STM32F1xx_HAL_Driver/Inc/Legacy -I../Drivers/STM32F1xx_HAL_Driver/Inc -I../Drivers/CMSIS/Device/ST/STM32F1xx/Include -I../Drivers/CMSIS/Include -O0 -ffunction-sections -fdata-sections -Wall -fstack-usage -fcyclomatic-complexity -MMD -MP -MF"Core/Src/main.d" -MT"Core/Src/main.o" --specs=nano.specs -mfloat-abi=soft -mthumb -o "Core/Src/main.o"
arm-none-eabi-gcc -o "IR_sensor.elf" @"objects.list"   -mcpu=cortex-m3 -T"C:\Users\Admin\STM32CubeIDE\workspace_1.15.0\IR_sensor\STM32F103C8TX_FLASH.ld" --specs=nosys.specs -Wl,-Map="IR_sensor.map" -Wl,--gc-sections -static --specs=nano.specs -mfloat-abi=soft -mthumb -Wl,--start-group -lc -lm -Wl,--end-group
Finished building target: IR_sensor.elf
 
arm-none-eabi-size  IR_sensor.elf 
arm-none-eabi-objdump -h -S IR_sensor.elf  > "IR_sensor.list"
   text	   data	    bss	    dec	    hex	filename
  12492	     12	   1772	  14276	   37c4	IR_sensor.elf
Finished building: default.size.stdout
 
Finished building: IR_sensor.list
 

22:05:26 Build Finished. 0 errors, 0 warnings. (took 545ms)

