16:20:59 **** Incremental Build of configuration Debug for project MQ2-sensor ****
make -j12 all 
arm-none-eabi-gcc "../Core/Src/main.c" -mcpu=cortex-m3 -std=gnu11 -g3 -DDEBUG -DUSE_HAL_DRIVER -DSTM32F103xB -c -I../Core/Inc -I../Drivers/STM32F1xx_HAL_Driver/Inc/Legacy -I../Drivers/STM32F1xx_HAL_Driver/Inc -I../Drivers/CMSIS/Device/ST/STM32F1xx/Include -I../Drivers/CMSIS/Include -O0 -ffunction-sections -fdata-sections -Wall -fstack-usage -fcyclomatic-complexity -MMD -MP -MF"Core/Src/main.d" -MT"Core/Src/main.o" --specs=nano.specs -mfloat-abi=soft -mthumb -o "Core/Src/main.o"
arm-none-eabi-gcc -o "MQ2-sensor.elf" @"objects.list"   -mcpu=cortex-m3 -T"C:\Users\Admin\STM32CubeIDE\workspace_1.15.0\MQ2-sensor\STM32F103C8TX_FLASH.ld" --specs=nosys.specs -Wl,-Map="MQ2-sensor.map" -Wl,--gc-sections -static --specs=nano.specs -mfloat-abi=soft -mthumb -Wl,--start-group -lc -lm -Wl,--end-group
Finished building target: MQ2-sensor.elf
 
arm-none-eabi-size  MQ2-sensor.elf 
arm-none-eabi-objdump -h -S MQ2-sensor.elf  > "MQ2-sensor.list"
   text	   data	    bss	    dec	    hex	filename
  14296	     12	   1788	  16096	   3ee0	MQ2-sensor.elf
Finished building: default.size.stdout
 
Finished building: MQ2-sensor.list
 

16:21:01 Build Finished. 0 errors, 0 warnings. (took 1s.402ms)

