18:58:33 **** Incremental Build of configuration Debug for project pir_sensor ****
make -j12 all 
arm-none-eabi-gcc "../Core/Src/main.c" -mcpu=cortex-m3 -std=gnu11 -g3 -DDEBUG -DUSE_HAL_DRIVER -DSTM32F103xB -c -I../Core/Inc -I../Drivers/STM32F1xx_HAL_Driver/Inc/Legacy -I../Drivers/STM32F1xx_HAL_Driver/Inc -I../Drivers/CMSIS/Device/ST/STM32F1xx/Include -I../Drivers/CMSIS/Include -O0 -ffunction-sections -fdata-sections -Wall -fstack-usage -fcyclomatic-complexity -MMD -MP -MF"Core/Src/main.d" -MT"Core/Src/main.o" --specs=nano.specs -mfloat-abi=soft -mthumb -o "Core/Src/main.o"
arm-none-eabi-gcc -o "pir_sensor.elf" @"objects.list"   -mcpu=cortex-m3 -T"C:\Users\Admin\STM32CubeIDE\workspace_1.15.0\pir_sensor\STM32F103C8TX_FLASH.ld" --specs=nosys.specs -Wl,-Map="pir_sensor.map" -Wl,--gc-sections -static --specs=nano.specs -mfloat-abi=soft -mthumb -Wl,--start-group -lc -lm -Wl,--end-group
Finished building target: pir_sensor.elf
 
arm-none-eabi-size  pir_sensor.elf 
arm-none-eabi-objdump -h -S pir_sensor.elf  > "pir_sensor.list"
   text	   data	    bss	    dec	    hex	filename
   4628	     12	   1572	   6212	   1844	pir_sensor.elf
Finished building: default.size.stdout
 
Finished building: pir_sensor.list
 

18:58:34 Build Finished. 0 errors, 0 warnings. (took 495ms)

