15:04:05 **** Build of configuration Debug for project relay ****
make -j12 all 
arm-none-eabi-gcc -mcpu=cortex-m3 -g3 -DDEBUG -c -x assembler-with-cpp -MMD -MP -MF"Core/Src/Startup/startup_stm32f103c8tx.d" -MT"Core/Src/Startup/startup_stm32f103c8tx.o" --specs=nano.specs -mfloat-abi=soft -mthumb -o "Core/Src/Startup/startup_stm32f103c8tx.o" "../Core/Src/Startup/startup_stm32f103c8tx.s"
arm-none-eabi-gcc -o "relay.elf" @"objects.list"   -mcpu=cortex-m3 -T"C:\Users\Admin\STM32CubeIDE\workspace_1.15.0\relay\STM32F103C8TX_FLASH.ld" --specs=nosys.specs -Wl,-Map="relay.map" -Wl,--gc-sections -static --specs=nano.specs -mfloat-abi=soft -mthumb -Wl,--start-group -lc -lm -Wl,--end-group
Finished building target: relay.elf
 
arm-none-eabi-size  relay.elf 
arm-none-eabi-objdump -h -S relay.elf  > "relay.list"
   text	   data	    bss	    dec	    hex	filename
   4660	     12	   1572	   6244	   1864	relay.elf
Finished building: default.size.stdout
 
Finished building: relay.list
 

15:04:07 Build Finished. 0 errors, 0 warnings. (took 1s.759ms)

