09:42:27 **** Incremental Build of configuration Debug for project watchdog ****
make -j12 all 
arm-none-eabi-gcc "../Core/Src/main.c" -mcpu=cortex-m3 -std=gnu11 -g3 -DDEBUG -DUSE_HAL_DRIVER -DSTM32F103xB -c -I../Core/Inc -I../Drivers/STM32F1xx_HAL_Driver/Inc/Legacy -I../Drivers/STM32F1xx_HAL_Driver/Inc -I../Drivers/CMSIS/Device/ST/STM32F1xx/Include -I../Drivers/CMSIS/Include -O0 -ffunction-sections -fdata-sections -Wall -fstack-usage -fcyclomatic-complexity -MMD -MP -MF"Core/Src/main.d" -MT"Core/Src/main.o" --specs=nano.specs -mfloat-abi=soft -mthumb -o "Core/Src/main.o"
arm-none-eabi-gcc -o "watchdog.elf" @"objects.list"   -mcpu=cortex-m3 -T"C:\Users\Admin\STM32CubeIDE\workspace_1.15.0\watchdog\STM32F103C8TX_FLASH.ld" --specs=nosys.specs -Wl,-Map="watchdog.map" -Wl,--gc-sections -static --specs=nano.specs -mfloat-abi=soft -mthumb -Wl,--start-group -lc -lm -Wl,--end-group
Finished building target: watchdog.elf
 
arm-none-eabi-size  watchdog.elf 
arm-none-eabi-objdump -h -S watchdog.elf  > "watchdog.list"
   text	   data	    bss	    dec	    hex	filename
   4888	     12	   1580	   6480	   1950	watchdog.elf
Finished building: default.size.stdout
 
Finished building: watchdog.list
 

09:42:28 Build Finished. 0 errors, 0 warnings. (took 649ms)

